Archive member included to satisfy reference by file (symbol)

/home/arduino/ArduinoApps/lookie-dookie/.cache/sketch/core/core.a(abi.cpp.o)
                              /home/arduino/ArduinoApps/lookie-dookie/.cache/sketch/sketch/sketch.ino.cpp.o (std::__throw_length_error(char const*))
/home/arduino/ArduinoApps/lookie-dookie/.cache/sketch/core/core.a(Print.cpp.o)
                              /home/arduino/ArduinoApps/lookie-dookie/.cache/sketch/libraries/ArduinoGraphics/ArduinoGraphics.cpp.o (arduino::Print::write(unsigned char const*, unsigned int))
/home/arduino/ArduinoApps/lookie-dookie/.cache/sketch/core/core.a(Stream.cpp.o)
                              /home/arduino/ArduinoApps/lookie-dookie/.cache/sketch/sketch/sketch.ino.cpp.o (arduino::Stream::setTimeout(unsigned long))
/home/arduino/ArduinoApps/lookie-dookie/.cache/sketch/core/core.a(String.cpp.o)
                              /home/arduino/ArduinoApps/lookie-dookie/.cache/sketch/sketch/sketch.ino.cpp.o (arduino::String::String(arduino::String&&))
/home/arduino/ArduinoApps/lookie-dookie/.cache/sketch/core/core.a(itoa.cpp.o)
                              /home/arduino/ArduinoApps/lookie-dookie/.cache/sketch/core/core.a(String.cpp.o) (dtostrf)
/home/arduino/ArduinoApps/lookie-dookie/.cache/sketch/core/core.a(main.cpp.o)
                              (main)
/home/arduino/ArduinoApps/lookie-dookie/.cache/sketch/core/core.a(new.cpp.o)
                              /home/arduino/ArduinoApps/lookie-dookie/.cache/sketch/sketch/sketch.ino.cpp.o (operator new(unsigned int))
/home/arduino/ArduinoApps/lookie-dookie/.cache/sketch/core/core.a(threads.cpp.o)
                              /home/arduino/ArduinoApps/lookie-dookie/.cache/sketch/core/core.a(main.cpp.o) (start_static_threads())
/home/arduino/ArduinoApps/lookie-dookie/.cache/sketch/core/core.a(zephyrCommon.cpp.o)
                              /home/arduino/ArduinoApps/lookie-dookie/.cache/sketch/libraries/Arduino_LPS22HB/BARO.cpp.o (yield)
/home/arduino/ArduinoApps/lookie-dookie/.cache/sketch/core/core.a(zephyrSerial.cpp.o)
                              /home/arduino/ArduinoApps/lookie-dookie/.cache/sketch/libraries/Arduino_LTR381RGB/LTR381RGB.cpp.o (Serial)
/home/arduino/ArduinoApps/lookie-dookie/.cache/sketch/core/core.a(Common.cpp.o)
                              /home/arduino/ArduinoApps/lookie-dookie/.cache/sketch/core/core.a(zephyrCommon.cpp.o) (map(long, long, long, long, long))

Discarded input sections

 .group         0x0000000000000000        0x8 /home/arduino/ArduinoApps/lookie-dookie/.cache/sketch/sketch/sketch.ino.cpp.o
 .group         0x0000000000000000        0x8 /home/arduino/ArduinoApps/lookie-dookie/.cache/sketch/sketch/sketch.ino.cpp.o
 .group         0x0000000000000000        0x8 /home/arduino/ArduinoApps/lookie-dookie/.cache/sketch/sketch/sketch.ino.cpp.o
 .group         0x0000000000000000        0x8 /home/arduino/ArduinoApps/lookie-dookie/.cache/sketch/sketch/sketch.ino.cpp.o
 .group         0x0000000000000000        0x8 /home/arduino/ArduinoApps/lookie-dookie/.cache/sketch/sketch/sketch.ino.cpp.o
 .group         0x0000000000000000       0x10 /home/arduino/ArduinoApps/lookie-dookie/.cache/sketch/sketch/sketch.ino.cpp.o
 .group         0x0000000000000000       0x10 /home/arduino/ArduinoApps/lookie-dookie/.cache/sketch/sketch/sketch.ino.cpp.o
 .group         0x0000000000000000        0x8 /home/arduino/ArduinoApps/lookie-dookie/.cache/sketch/sketch/sketch.ino.cpp.o
 .group         0x0000000000000000       0x24 /home/arduino/ArduinoApps/lookie-dookie/.cache/sketch/sketch/sketch.ino.cpp.o
 .group         0x0000000000000000        0xc /home/arduino/ArduinoApps/lookie-dookie/.cache/sketch/sketch/sketch.ino.cpp.o
 .group         0x0000000000000000        0xc /home/arduino/ArduinoApps/lookie-dookie/.cache/sketch/sketch/sketch.ino.cpp.o
 .group         0x0000000000000000        0xc /home/arduino/ArduinoApps/lookie-dookie/.cache/sketch/sketch/sketch.ino.cpp.o
 .group         0x0000000000000000        0xc /home/arduino/ArduinoApps/lookie-dookie/.cache/sketch/sketch/sketch.ino.cpp.o
 .group         0x0000000000000000        0x8 /home/arduino/ArduinoApps/lookie-dookie/.cache/sketch/sketch/sketch.ino.cpp.o
 .group         0x0000000000000000        0xc /home/arduino/ArduinoApps/lookie-dookie/.cache/sketch/sketch/sketch.ino.cpp.o
 .group         0x0000000000000000        0x8 /home/arduino/ArduinoApps/lookie-dookie/.cache/sketch/sketch/sketch.ino.cpp.o
 .group         0x0000000000000000        0xc /home/arduino/ArduinoApps/lookie-dookie/.cache/sketch/sketch/sketch.ino.cpp.o
 .group         0x0000000000000000       0x14 /home/arduino/ArduinoApps/lookie-dookie/.cache/sketch/sketch/sketch.ino.cpp.o
 .group         0x0000000000000000        0xc /home/arduino/ArduinoApps/lookie-dookie/.cache/sketch/sketch/sketch.ino.cpp.o
 .group         0x0000000000000000        0x8 /home/arduino/ArduinoApps/lookie-dookie/.cache/sketch/sketch/sketch.ino.cpp.o
[...]
Memory Configuration

Name             Origin             Length             Attributes
*default*        0x0000000000000000 0xffffffffffffffff

Linker script and memory map

LOAD /home/arduino/.arduino15/packages/zephyr/tools/arm-zephyr-eabi/0.16.8/bin/../lib/gcc/../../picolibc/arm-zephyr-eabi/lib/thumb/v8-m.main+fp/hard/libstdc++.a
LOAD /home/arduino/.arduino15/packages/zephyr/tools/arm-zephyr-eabi/0.16.8/bin/../lib/gcc/../../picolibc/arm-zephyr-eabi/lib/thumb/v8-m.main+fp/hard/libsupc++.a
LOAD /home/arduino/.arduino15/packages/zephyr/tools/arm-zephyr-eabi/0.16.8/bin/../lib/gcc/arm-zephyr-eabi/12.2.0/../../../../arm-zephyr-eabi/lib/thumb/v8-m.main+fp/hard/libnosys.a
LOAD /home/arduino/ArduinoApps/lookie-dookie/.cache/sketch/sketch/sketch.ino.cpp.o
LOAD /home/arduino/ArduinoApps/lookie-dookie/.cache/sketch/libraries/ArduinoGraphics/ArduinoGraphics.cpp.o
LOAD /home/arduino/ArduinoApps/lookie-dookie/.cache/sketch/libraries/ArduinoGraphics/Font_4x6.c.o
LOAD /home/arduino/ArduinoApps/lookie-dookie/.cache/sketch/libraries/ArduinoGraphics/Font_5x7.c.o
LOAD /home/arduino/ArduinoApps/lookie-dookie/.cache/sketch/libraries/ArduinoGraphics/Image.cpp.o
LOAD /home/arduino/ArduinoApps/lookie-dookie/.cache/sketch/libraries/Arduino_HS300x/HS300x.cpp.o
LOAD /home/arduino/ArduinoApps/lookie-dookie/.cache/sketch/libraries/Arduino_LPS22HB/BARO.cpp.o
LOAD /home/arduino/ArduinoApps/lookie-dookie/.cache/sketch/libraries/Arduino_LSM6DSOX/LSM6DSOX.cpp.o
LOAD /home/arduino/ArduinoApps/lookie-dookie/.cache/sketch/libraries/Arduino_LTR381RGB/LTR381RGB.cpp.o
LOAD /home/arduino/ArduinoApps/lookie-dookie/.cache/sketch/libraries/Arduino_Modulino/Modulino.cpp.o
LOAD /home/arduino/ArduinoApps/lookie-dookie/.cache/sketch/libraries/STM32duino VL53L4CD/platform.cpp.o
LOAD /home/arduino/ArduinoApps/lookie-dookie/.cache/sketch/libraries/STM32duino VL53L4CD/vl53l4cd_api.cpp.o
LOAD /home/arduino/ArduinoApps/lookie-dookie/.cache/sketch/libraries/STM32duino VL53L4CD/vl53l4cd_calibration.cpp.o
LOAD /home/arduino/ArduinoApps/lookie-dookie/.cache/sketch/libraries/STM32duino VL53L4ED/platform.cpp.o
LOAD /home/arduino/ArduinoApps/lookie-dookie/.cache/sketch/libraries/STM32duino VL53L4ED/vl53l4ed_api.cpp.o
LOAD /home/arduino/ArduinoApps/lookie-dookie/.cache/sketch/libraries/STM32duino VL53L4ED/vl53l4ed_calibration.cpp.o
LOAD /home/arduino/ArduinoApps/lookie-dookie/.cache/sketch/libraries/Wire/Wire.cpp.o
LOAD /home/arduino/ArduinoApps/lookie-dookie/.cache/sketch/libraries/SPI/SPI.cpp.o
LOAD /home/arduino/ArduinoApps/lookie-dookie/.cache/sketch/core/analogReference.cpp.o
START GROUP
LOAD /home/arduino/ArduinoApps/lookie-dookie/.cache/sketch/core/core.a
LOAD /home/arduino/.arduino15/packages/zephyr/tools/arm-zephyr-eabi/0.16.8/bin/../lib/gcc/../../picolibc/arm-zephyr-eabi/lib/thumb/v8-m.main+fp/hard/libstdc++.a
LOAD /home/arduino/.arduino15/packages/zephyr/tools/arm-zephyr-eabi/0.16.8/bin/../lib/gcc/../../picolibc/arm-zephyr-eabi/lib/thumb/v8-m.main+fp/hard/libsupc++.a
END GROUP

/DISCARD/
 *(.ARM.attributes)
 *(.ARM.attributes.*)
 *(.ARM.exidx)
 *(.ARM.exidx.*)
 *(.ARM.extidx)
 *(.ARM.extidx.*)
 *(.ARM.extab)
 *(.ARM.extab.*)
 *(.comment)
 *(.comment.*)
 *(.llvmbc)
 *(.llvmcmd)
 *(.eh_frame)
 *stdexcept.o()
 *eh_*.o()
 *cow-stdexcept.o()
 *functexcept.o()
 *cow-string-inst.o()

.text           0x0000000000000000     0x5ba8
 *(.text)
 *(.stub)
 *(.text*)
 .text._ZN7arduino5Print17availableForWriteEv
                0x0000000000000000        0x4 /home/arduino/ArduinoApps/lookie-dookie/.cache/sketch/sketch/sketch.ino.cpp.o
                0x0000000000000000                arduino::Print::availableForWrite()
 .text._ZN7arduino5Print5flushEv
                0x0000000000000004        0x2 /home/arduino/ArduinoApps/lookie-dookie/.cache/sketch/sketch/sketch.ino.cpp.o
                0x0000000000000004                arduino::Print::flush()
 .text._ZN15SerialTransport9availableEv
                0x0000000000000006       0x12 /home/arduino/ArduinoApps/lookie-dookie/.cache/sketch/sketch/sketch.ino.cpp.o
                0x0000000000000006                SerialTransport::available()
 .text._ZN15SerialTransport5writeEPKhj
                0x0000000000000018       0x10 /home/arduino/ArduinoApps/lookie-dookie/.cache/sketch/sketch/sketch.ino.cpp.o
                0x0000000000000018                SerialTransport::write(unsigned char const*, unsigned int)
 .text._ZN6Module8discoverEv
                0x0000000000000028        0x4 /home/arduino/ArduinoApps/lookie-dookie/.cache/sketch/sketch/sketch.ino.cpp.o
                0x0000000000000028                Module::discover()
 .text._ZN14ModulinoThermoD2Ev
                0x000000000000002c        0x2 /home/arduino/ArduinoApps/lookie-dookie/.cache/sketch/sketch/sketch.ino.cpp.o
                0x000000000000002c                ModulinoThermo::~ModulinoThermo()
                0x000000000000002c                ModulinoThermo::~ModulinoThermo()
 .text._ZN15SerialTransportD2Ev
                0x000000000000002e        0x2 /home/arduino/ArduinoApps/lookie-dookie/.cache/sketch/sketch/sketch.ino.cpp.o
                0x000000000000002e                SerialTransport::~SerialTransport()
                0x000000000000002e                SerialTransport::~SerialTransport()
 .text._ZN13BridgeMonitorILj512EE5writeEh
                0x0000000000000030       0x18 /home/arduino/ArduinoApps/lookie-dookie/.cache/sketch/sketch/sketch.ino.cpp.o
                0x0000000000000030                BridgeMonitor<512u>::write(unsigned char)
 .text.k_yield  0x0000000000000048        0x8 /home/arduino/ArduinoApps/lookie-dookie/.cache/sketch/sketch/sketch.ino.cpp.o
 .text.k_mutex_lock
                0x0000000000000050        0x8 /home/arduino/ArduinoApps/lookie-dookie/.cache/sketch/sketch/sketch.ino.cpp.o
 .text.__tcf_1  0x0000000000000058       0x10 /home/arduino/ArduinoApps/lookie-dookie/.cache/sketch/sketch/sketch.ino.cpp.o
 .text._ZN14ModulinoThermoD0Ev
                0x0000000000000068       0x14 /home/arduino/ArduinoApps/lookie-dookie/.cache/sketch/sketch/sketch.ino.cpp.o
                0x0000000000000068                ModulinoThermo::~ModulinoThermo()
 .text._ZN15SerialTransportD0Ev
                0x000000000000007c       0x14 /home/arduino/ArduinoApps/lookie-dookie/.cache/sketch/sketch/sketch.ino.cpp.o
                0x000000000000007c                SerialTransport::~SerialTransport()
 .text._ZN15SerialTransport4readEPhj
                0x0000000000000090       0x28 /home/arduino/ArduinoApps/lookie-dookie/.cache/sketch/sketch/sketch.ino.cpp.o
                0x0000000000000090                SerialTransport::read(unsigned char*, unsigned int)
 .text._ZN15SerialTransport9read_byteERh
                0x00000000000000b8       0x20 /home/arduino/ArduinoApps/lookie-dookie/.cache/sketch/sketch/sketch.ino.cpp.o
                0x00000000000000b8                SerialTransport::read_byte(unsigned char&)
 .text._Z15get_light_statev
                0x00000000000000d8       0x18 /home/arduino/ArduinoApps/lookie-dookie/.cache/sketch/sketch/sketch.ino.cpp.o
                0x00000000000000d8                get_light_state()
 .text._ZNK6Module7printToERN7arduino5PrintE
                0x00000000000000f0       0x10 /home/arduino/ArduinoApps/lookie-dookie/.cache/sketch/sketch/sketch.ino.cpp.o
                0x00000000000000f0                Module::printTo(arduino::Print&) const
 .text._Z15get_temperaturev
                0x0000000000000100       0x7c /home/arduino/ArduinoApps/lookie-dookie/.cache/sketch/sketch/sketch.ino.cpp.o
                0x0000000000000100                get_temperature()
 .text._ZNSt17_Function_handlerIFfvEPS0_E10_M_managerERSt9_Any_dataRKS3_St18_Manager_operation
                0x000000000000017c       0x30 /home/arduino/ArduinoApps/lookie-dookie/.cache/sketch/sketch/sketch.ino.cpp.o
                0x000000000000017c                std::_Function_handler<float (), float (*)()>::_M_manager(std::_Any_data&, std::_Any_data const&, std::_Manager_operation)
 .text._ZNSt17_Function_handlerIFfvEPS0_E9_M_invokeERKSt9_Any_data
                0x00000000000001ac        0x4 /home/arduino/ArduinoApps/lookie-dookie/.cache/sketch/sketch/sketch.ino.cpp.o
                0x00000000000001ac                std::_Function_handler<float (), float (*)()>::_M_invoke(std::_Any_data const&)
 .text._ZNSt17_Function_handlerIFivEPS0_E10_M_managerERSt9_Any_dataRKS3_St18_Manager_operation
                0x00000000000001b0       0x30 /home/arduino/ArduinoApps/lookie-dookie/.cache/sketch/sketch/sketch.ino.cpp.o
                0x00000000000001b0                std::_Function_handler<int (), int (*)()>::_M_manager(std::_Any_data&, std::_Any_data const&, std::_Manager_operation)
 .text._ZNSt17_Function_handlerIFivEPS0_E9_M_invokeERKSt9_Any_data
                0x00000000000001e0        0x4 /home/arduino/ArduinoApps/lookie-dookie/.cache/sketch/sketch/sketch.ino.cpp.o
                0x00000000000001e0                std::_Function_handler<int (), int (*)()>::_M_invoke(std::_Any_data const&)
 .text._ZSt14__relocate_a_1IhhENSt9enable_ifIXsrSt24__is_bitwise_relocatableIT_vE5valueEPS2_E4typeES4_S4_S4_RSaIT0_E.isra.0
                0x00000000000001e4       0x20 /home/arduino/ArduinoApps/lookie-dookie/.cache/sketch/sketch/sketch.ino.cpp.o
 .text._ZNSt12_Vector_baseIhSaIhEE11_M_allocateEj.isra.0
                0x0000000000000204       0x20 /home/arduino/ArduinoApps/lookie-dookie/.cache/sketch/sketch/sketch.ino.cpp.o
 .text.k_mutex_unlock.isra.0
                0x0000000000000224        0x8 /home/arduino/ArduinoApps/lookie-dookie/.cache/sketch/sketch/sketch.ino.cpp.o
 .text._ZN13BridgeMonitorILj512EE4readEv
                0x000000000000022c       0x60 /home/arduino/ArduinoApps/lookie-dookie/.cache/sketch/sketch/sketch.ino.cpp.o
                0x000000000000022c                BridgeMonitor<512u>::read()
 .text._ZN7RpcCallIJRN7arduino6StringEEE7isErrorEv.isra.0
                0x000000000000028c       0x28 /home/arduino/ArduinoApps/lookie-dookie/.cache/sketch/sketch/sketch.ino.cpp.o
 .text._ZN13BridgeMonitorILj512EE4peekEv
                0x00000000000002b4       0x44 /home/arduino/ArduinoApps/lookie-dookie/.cache/sketch/sketch/sketch.ino.cpp.o
                0x00000000000002b4                BridgeMonitor<512u>::peek()
 .text.k_mutex_init.isra.0
                0x00000000000002f8        0x8 /home/arduino/ArduinoApps/lookie-dookie/.cache/sketch/sketch/sketch.ino.cpp.o
 .text.k_msleep.constprop.0.isra.0
                0x0000000000000300        0xc /home/arduino/ArduinoApps/lookie-dookie/.cache/sketch/sketch/sketch.ino.cpp.o
 .text._ZNSt14_Function_baseD2Ev
                0x000000000000030c       0x12 /home/arduino/ArduinoApps/lookie-dookie/.cache/sketch/sketch/sketch.ino.cpp.o
                0x000000000000030c                std::_Function_base::~_Function_base()
                0x000000000000030c                std::_Function_base::~_Function_base()
 *fill*         0x000000000000031e        0x2 
 .text._ZN18RpcFunctionWrapperISt8functionIFivEEED2Ev
                0x0000000000000320       0x1c /home/arduino/ArduinoApps/lookie-dookie/.cache/sketch/sketch/sketch.ino.cpp.o
                0x0000000000000320                RpcFunctionWrapper<std::function<int ()> >::~RpcFunctionWrapper()
                0x0000000000000320                RpcFunctionWrapper<std::function<int ()> >::~RpcFunctionWrapper()
 .text._ZN18RpcFunctionWrapperISt8functionIFivEEED0Ev
                0x000000000000033c       0x1c /home/arduino/ArduinoApps/lookie-dookie/.cache/sketch/sketch/sketch.ino.cpp.o
                0x000000000000033c                RpcFunctionWrapper<std::function<int ()> >::~RpcFunctionWrapper()
 .text._ZN18RpcFunctionWrapperISt8functionIFfvEEED2Ev
                0x0000000000000358       0x1c /home/arduino/ArduinoApps/lookie-dookie/.cache/sketch/sketch/sketch.ino.cpp.o
                0x0000000000000358                RpcFunctionWrapper<std::function<float ()> >::~RpcFunctionWrapper()
                0x0000000000000358                RpcFunctionWrapper<std::function<float ()> >::~RpcFunctionWrapper()
 .text._ZN18RpcFunctionWrapperISt8functionIFfvEEED0Ev
                0x0000000000000374       0x1c /home/arduino/ArduinoApps/lookie-dookie/.cache/sketch/sketch/sketch.ino.cpp.o
                0x0000000000000374                RpcFunctionWrapper<std::function<float ()> >::~RpcFunctionWrapper()
 .text._ZN7arduino7msgpack8Unpacker11deserializeEv
                0x0000000000000390       0x16 /home/arduino/ArduinoApps/lookie-dookie/.cache/sketch/sketch/sketch.ino.cpp.o
                0x0000000000000390                arduino::msgpack::Unpacker::deserialize()
 .text._ZN7arduino7msgpack8Unpacker5clearEv
                0x00000000000003a6       0x14 /home/arduino/ArduinoApps/lookie-dookie/.cache/sketch/sketch/sketch.ino.cpp.o
                0x00000000000003a6                arduino::msgpack::Unpacker::clear()
 .text._ZNK7arduino7msgpack8Unpacker13getRawBytePtrEjj
                0x00000000000003ba       0x1e /home/arduino/ArduinoApps/lookie-dookie/.cache/sketch/sketch/sketch.ino.cpp.o
                0x00000000000003ba                arduino::msgpack::Unpacker::getRawBytePtr(unsigned int, unsigned int) const
 .text._ZN8RpcErrorC2Ev
                0x00000000000003d8       0x2c /home/arduino/ArduinoApps/lookie-dookie/.cache/sketch/sketch/sketch.ino.cpp.o
                0x00000000000003d8                RpcError::RpcError()
                0x00000000000003d8                RpcError::RpcError()
 .text._ZN7arduino7msgpack8UnpackerC2Ev
                0x0000000000000404       0x10 /home/arduino/ArduinoApps/lookie-dookie/.cache/sketch/sketch/sketch.ino.cpp.o
                0x0000000000000404                arduino::msgpack::Unpacker::Unpacker()
                0x0000000000000404                arduino::msgpack::Unpacker::Unpacker()
 .text._ZN10RPCRequestILj256EEC2Ev
                0x0000000000000414       0x4c /home/arduino/ArduinoApps/lookie-dookie/.cache/sketch/sketch/sketch.ino.cpp.o
                0x0000000000000414                RPCRequest<256u>::RPCRequest()
                0x0000000000000414                RPCRequest<256u>::RPCRequest()
 .text._ZN11BridgeClass10is_startedEv
                0x0000000000000460       0x2c /home/arduino/ArduinoApps/lookie-dookie/.cache/sketch/sketch/sketch.ino.cpp.o
                0x0000000000000460                BridgeClass::is_started()
 .text._ZNSt12_Vector_baseIhSaIhEED2Ev
                0x000000000000048c       0x18 /home/arduino/ArduinoApps/lookie-dookie/.cache/sketch/sketch/sketch.ino.cpp.o
                0x000000000000048c                std::_Vector_base<unsigned char, std::allocator<unsigned char> >::~_Vector_base()
                0x000000000000048c                std::_Vector_base<unsigned char, std::allocator<unsigned char> >::~_Vector_base()
 .text.__tcf_3  0x00000000000004a4       0x14 /home/arduino/ArduinoApps/lookie-dookie/.cache/sketch/sketch/sketch.ino.cpp.o
 .text.__tcf_2  0x00000000000004b8       0x14 /home/arduino/ArduinoApps/lookie-dookie/.cache/sketch/sketch/sketch.ino.cpp.o
 .text._ZNSt6vectorIhSaIhEE14_M_move_assignEOS1_St17integral_constantIbLb1EE.isra.0
                0x00000000000004cc       0x34 /home/arduino/ArduinoApps/lookie-dookie/.cache/sketch/sketch/sketch.ino.cpp.o
 .text._ZNK7arduino7msgpack8Unpacker11getRawBytesIhEET_jj
                0x0000000000000500       0x1e /home/arduino/ArduinoApps/lookie-dookie/.cache/sketch/sketch/sketch.ino.cpp.o
                0x0000000000000500                unsigned char arduino::msgpack::Unpacker::getRawBytes<unsigned char>(unsigned int, unsigned int) const
 *fill*         0x000000000000051e        0x2 
 .text._ZNK7arduino7msgpack8Unpacker7getTypeEj
                0x0000000000000520       0x58 /home/arduino/ArduinoApps/lookie-dookie/.cache/sketch/sketch/sketch.ino.cpp.o
                0x0000000000000520                arduino::msgpack::Unpacker::getType(unsigned int) const
 .text._ZNK7arduino7msgpack8Unpacker7getTypeEv
                0x0000000000000578       0x10 /home/arduino/ArduinoApps/lookie-dookie/.cache/sketch/sketch/sketch.ino.cpp.o
                0x0000000000000578                arduino::msgpack::Unpacker::getType() const
 .text._ZN7arduino7msgpack8Unpacker11unpackInt32Ev
                0x0000000000000588       0x58 /home/arduino/ArduinoApps/lookie-dookie/.cache/sketch/sketch/sketch.ino.cpp.o
                0x0000000000000588                arduino::msgpack::Unpacker::unpackInt32()
 .text._ZN7arduino7msgpack8Unpacker11unpackInt64Ev
                0x00000000000005e0       0x60 /home/arduino/ArduinoApps/lookie-dookie/.cache/sketch/sketch/sketch.ino.cpp.o
                0x00000000000005e0                arduino::msgpack::Unpacker::unpackInt64()
 .text._ZN7arduino7msgpack8Unpacker9unpackNilEv
                0x0000000000000640       0x3c /home/arduino/ArduinoApps/lookie-dookie/.cache/sketch/sketch/sketch.ino.cpp.o
                0x0000000000000640                arduino::msgpack::Unpacker::unpackNil()
 .text._ZNK7arduino7msgpack8Unpacker7isArrayEv
                0x000000000000067c       0x20 /home/arduino/ArduinoApps/lookie-dookie/.cache/sketch/sketch/sketch.ino.cpp.o
                0x000000000000067c                arduino::msgpack::Unpacker::isArray() const
 .text._ZNK7arduino7msgpack8Unpacker5isMapEv
                0x000000000000069c       0x20 /home/arduino/ArduinoApps/lookie-dookie/.cache/sketch/sketch/sketch.ino.cpp.o
                0x000000000000069c                arduino::msgpack::Unpacker::isMap() const
 .text._ZNK7arduino7msgpack8Unpacker6isUIntEv
                0x00000000000006bc       0x20 /home/arduino/ArduinoApps/lookie-dookie/.cache/sketch/sketch/sketch.ino.cpp.o
                0x00000000000006bc                arduino::msgpack::Unpacker::isUInt() const
 .text._ZNK7arduino7msgpack8Unpacker5isIntEv
                0x00000000000006dc       0x20 /home/arduino/ArduinoApps/lookie-dookie/.cache/sketch/sketch/sketch.ino.cpp.o
                0x00000000000006dc                arduino::msgpack::Unpacker::isInt() const
 .text._ZN7arduino7msgpack8Unpacker11unpackInt16Ev
                0x00000000000006fc       0x4c /home/arduino/ArduinoApps/lookie-dookie/.cache/sketch/sketch/sketch.ino.cpp.o
                0x00000000000006fc                arduino::msgpack::Unpacker::unpackInt16()
 .text._ZN7arduino7msgpack8Unpacker13unpackFloat32Ev
                0x0000000000000748       0x60 /home/arduino/ArduinoApps/lookie-dookie/.cache/sketch/sketch/sketch.ino.cpp.o
                0x0000000000000748                arduino::msgpack::Unpacker::unpackFloat32()
 .text._ZN7arduino7msgpack8Unpacker13unpackFloat64Ev
                0x00000000000007a8       0x6c /home/arduino/ArduinoApps/lookie-dookie/.cache/sketch/sketch/sketch.ino.cpp.o
                0x00000000000007a8                arduino::msgpack::Unpacker::unpackFloat64()
 .text._ZN7arduino7msgpack8Unpacker10unpackInt5Ev
                0x0000000000000814       0x4c /home/arduino/ArduinoApps/lookie-dookie/.cache/sketch/sketch/sketch.ino.cpp.o
                0x0000000000000814                arduino::msgpack::Unpacker::unpackInt5()
 .text._ZN7arduino7msgpack8Unpacker11unpackUInt7Ev
                0x0000000000000860       0x48 /home/arduino/ArduinoApps/lookie-dookie/.cache/sketch/sketch/sketch.ino.cpp.o
                0x0000000000000860                arduino::msgpack::Unpacker::unpackUInt7()
 .text._ZN7arduino7msgpack8Unpacker11unpackUInt8Ev
                0x00000000000008a8       0x48 /home/arduino/ArduinoApps/lookie-dookie/.cache/sketch/sketch/sketch.ino.cpp.o
                0x00000000000008a8                arduino::msgpack::Unpacker::unpackUInt8()
 .text._ZNK7arduino7msgpack8Unpacker11getRawBytesItEET_jj
                0x00000000000008f0       0x26 /home/arduino/ArduinoApps/lookie-dookie/.cache/sketch/sketch/sketch.ino.cpp.o
                0x00000000000008f0                unsigned short arduino::msgpack::Unpacker::getRawBytes<unsigned short>(unsigned int, unsigned int) const
 *fill*         0x0000000000000916        0x2 
 .text._ZN7arduino7msgpack8Unpacker12unpackUInt16Ev
                0x0000000000000918       0x48 /home/arduino/ArduinoApps/lookie-dookie/.cache/sketch/sketch/sketch.ino.cpp.o
                0x0000000000000918                arduino::msgpack::Unpacker::unpackUInt16()
 .text._ZNK7arduino7msgpack8Unpacker11getRawBytesIjEET_jj
                0x0000000000000960       0x34 /home/arduino/ArduinoApps/lookie-dookie/.cache/sketch/sketch/sketch.ino.cpp.o
                0x0000000000000960                unsigned int arduino::msgpack::Unpacker::getRawBytes<unsigned int>(unsigned int, unsigned int) const
 .text._ZNK7arduino7msgpack8Unpacker14getElementSizeEj
                0x0000000000000994      0x11c /home/arduino/ArduinoApps/lookie-dookie/.cache/sketch/sketch/sketch.ino.cpp.o
                0x0000000000000994                arduino::msgpack::Unpacker::getElementSize(unsigned int) const
 .text._ZN7arduino7msgpack8Unpacker15unpackArraySizeEv
                0x0000000000000ab0       0x78 /home/arduino/ArduinoApps/lookie-dookie/.cache/sketch/sketch/sketch.ino.cpp.o
                0x0000000000000ab0                arduino::msgpack::Unpacker::unpackArraySize()
 .text._ZN7arduino7msgpack8Unpacker11deserializeINS0_4type9ArraySizeEJEEEbRT_DpOT0_.isra.0
                0x0000000000000b28       0x40 /home/arduino/ArduinoApps/lookie-dookie/.cache/sketch/sketch/sketch.ino.cpp.o
 .text._ZN7arduino7msgpack8Unpacker12unpackUInt32Ev
                0x0000000000000b68       0x48 /home/arduino/ArduinoApps/lookie-dookie/.cache/sketch/sketch/sketch.ino.cpp.o
                0x0000000000000b68                arduino::msgpack::Unpacker::unpackUInt32()
 .text._ZN7arduino7msgpack8Unpacker13unpackMapSizeEv
                0x0000000000000bb0       0x78 /home/arduino/ArduinoApps/lookie-dookie/.cache/sketch/sketch/sketch.ino.cpp.o
                0x0000000000000bb0                arduino::msgpack::Unpacker::unpackMapSize()
 .text._ZNK7arduino7msgpack8Unpacker11getRawBytesIyEET_jj
                0x0000000000000c28       0x3a /home/arduino/ArduinoApps/lookie-dookie/.cache/sketch/sketch/sketch.ino.cpp.o
                0x0000000000000c28                unsigned long long arduino::msgpack::Unpacker::getRawBytes<unsigned long long>(unsigned int, unsigned int) const
 *fill*         0x0000000000000c62        0x2 
 .text._ZN7arduino7msgpack8Unpacker12unpackUInt64Ev
                0x0000000000000c64       0x4c /home/arduino/ArduinoApps/lookie-dookie/.cache/sketch/sketch/sketch.ino.cpp.o
                0x0000000000000c64                arduino::msgpack::Unpacker::unpackUInt64()
 .text._ZNK7arduino7msgpack8Unpacker11getRawBytesIaEET_jj
                0x0000000000000cb0       0x1e /home/arduino/ArduinoApps/lookie-dookie/.cache/sketch/sketch/sketch.ino.cpp.o
                0x0000000000000cb0                signed char arduino::msgpack::Unpacker::getRawBytes<signed char>(unsigned int, unsigned int) const
 *fill*         0x0000000000000cce        0x2 
 .text._ZN7arduino7msgpack8Unpacker10unpackInt8Ev
                0x0000000000000cd0       0x48 /home/arduino/ArduinoApps/lookie-dookie/.cache/sketch/sketch/sketch.ino.cpp.o
                0x0000000000000cd0                arduino::msgpack::Unpacker::unpackInt8()
 .text._ZNK7arduino7msgpack8Unpacker13isTimestamp32Ev
                0x0000000000000d18       0x2c /home/arduino/ArduinoApps/lookie-dookie/.cache/sketch/sketch/sketch.ino.cpp.o
                0x0000000000000d18                arduino::msgpack::Unpacker::isTimestamp32() const
 .text._ZNK7arduino7msgpack8Unpacker13isTimestamp64Ev
                0x0000000000000d44       0x2c /home/arduino/ArduinoApps/lookie-dookie/.cache/sketch/sketch/sketch.ino.cpp.o
                0x0000000000000d44                arduino::msgpack::Unpacker::isTimestamp64() const
 .text._ZNK7arduino7msgpack8Unpacker13isTimestamp96Ev
                0x0000000000000d70       0x40 /home/arduino/ArduinoApps/lookie-dookie/.cache/sketch/sketch/sketch.ino.cpp.o
                0x0000000000000d70                arduino::msgpack::Unpacker::isTimestamp96() const
 .text._ZNK7arduino7msgpack8Unpacker11getRawBytesIcEET_jj
                0x0000000000000db0       0x1e /home/arduino/ArduinoApps/lookie-dookie/.cache/sketch/sketch/sketch.ino.cpp.o
                0x0000000000000db0                char arduino::msgpack::Unpacker::getRawBytes<char>(unsigned int, unsigned int) const
 *fill*         0x0000000000000dce        0x2 
 .text._ZN7arduino7msgpack8Unpacker11deserializeINS0_6object5nil_tEJEEEbRT_DpOT0_
                0x0000000000000dd0       0x40 /home/arduino/ArduinoApps/lookie-dookie/.cache/sketch/sketch/sketch.ino.cpp.o
                0x0000000000000dd0                bool arduino::msgpack::Unpacker::deserialize<arduino::msgpack::object::nil_t>(arduino::msgpack::object::nil_t&)
 .text._ZN7arduino7msgpack8Unpacker11deserializeIbJEEEbRT_DpOT0_
                0x0000000000000e10       0x68 /home/arduino/ArduinoApps/lookie-dookie/.cache/sketch/sketch/sketch.ino.cpp.o
                0x0000000000000e10                bool arduino::msgpack::Unpacker::deserialize<bool>(bool&)
 .text._ZN7arduino7msgpack8Unpacker11deserializeINS_6StringEJEEEbRT_DpOT0_
                0x0000000000000e78      0x174 /home/arduino/ArduinoApps/lookie-dookie/.cache/sketch/sketch/sketch.ino.cpp.o
                0x0000000000000e78                bool arduino::msgpack::Unpacker::deserialize<arduino::String>(arduino::String&)
 .text._ZN7arduino7msgpack8Unpacker11deserializeINS0_6object8timespecEJEEEbRT_DpOT0_
                0x0000000000000fec       0xc4 /home/arduino/ArduinoApps/lookie-dookie/.cache/sketch/sketch/sketch.ino.cpp.o
                0x0000000000000fec                bool arduino::msgpack::Unpacker::deserialize<arduino::msgpack::object::timespec>(arduino::msgpack::object::timespec&)
 .text._ZN17RpcDecoderManagerILj3EE10getDecoderER10ITransport
                0x00000000000010b0       0x7c /home/arduino/ArduinoApps/lookie-dookie/.cache/sketch/sketch/sketch.ino.cpp.o
                0x00000000000010b0                RpcDecoderManager<3u>::getDecoder(ITransport&)
 .text._ZNSt12_Vector_baseIjSaIjEED2Ev
                0x000000000000112c       0x18 /home/arduino/ArduinoApps/lookie-dookie/.cache/sketch/sketch/sketch.ino.cpp.o
                0x000000000000112c                std::_Vector_base<unsigned int, std::allocator<unsigned int> >::~_Vector_base()
                0x000000000000112c                std::_Vector_base<unsigned int, std::allocator<unsigned int> >::~_Vector_base()
 .text._ZN10RPCRequestILj256EED2Ev
                0x0000000000001144       0x2c /home/arduino/ArduinoApps/lookie-dookie/.cache/sketch/sketch/sketch.ino.cpp.o
                0x0000000000001144                RPCRequest<256u>::~RPCRequest()
                0x0000000000001144                RPCRequest<256u>::~RPCRequest()
 .text._ZNSt6vectorIjSaIjEE17_M_realloc_insertIJRjEEEvN9__gnu_cxx17__normal_iteratorIPjS1_EEDpOT_
                0x0000000000001170       0xdc /home/arduino/ArduinoApps/lookie-dookie/.cache/sketch/sketch/sketch.ino.cpp.o
                0x0000000000001170                void std::vector<unsigned int, std::allocator<unsigned int> >::_M_realloc_insert<unsigned int&>(__gnu_cxx::__normal_iterator<unsigned int*, std::vector<unsigned int, std::allocator<unsigned int> > >, unsigned int&)
 .text._ZN7arduino7msgpack8Unpacker4feedEPKhj
                0x000000000000124c       0x78 /home/arduino/ArduinoApps/lookie-dookie/.cache/sketch/sketch/sketch.ino.cpp.o
                0x000000000000124c                arduino::msgpack::Unpacker::feed(unsigned char const*, unsigned int)
 .text._ZN7RpcCallIJEE8setErrorEiN7arduino6StringE
                0x00000000000012c4       0x40 /home/arduino/ArduinoApps/lookie-dookie/.cache/sketch/sketch/sketch.ino.cpp.o
                0x00000000000012c4                RpcCall<>::setError(int, arduino::String)
 .text._ZN7RpcCallIJEE7isErrorEv
                0x0000000000001304       0x34 /home/arduino/ArduinoApps/lookie-dookie/.cache/sketch/sketch/sketch.ino.cpp.o
                0x0000000000001304                RpcCall<>::isError()
 .text._ZNKSt6vectorIhSaIhEE12_M_check_lenEjPKc
                0x0000000000001338       0x38 /home/arduino/ArduinoApps/lookie-dookie/.cache/sketch/sketch/sketch.ino.cpp.o
                0x0000000000001338                std::vector<unsigned char, std::allocator<unsigned char> >::_M_check_len(unsigned int, char const*) const
 .text._ZNSt6vectorIhSaIhEE12emplace_backIJRKhEEERhDpOT_.isra.0
                0x0000000000001370       0x90 /home/arduino/ArduinoApps/lookie-dookie/.cache/sketch/sketch/sketch.ino.cpp.o
 .text._ZNSt6vectorIhSaIhEE12emplace_backIJhEEERhDpOT_.isra.0
                0x0000000000001400       0x90 /home/arduino/ArduinoApps/lookie-dookie/.cache/sketch/sketch/sketch.ino.cpp.o
 .text._ZN7arduino7msgpack8Unpacker11deserializeISt6vectorIhSaIhEEJEEEbRT_DpOT0_
                0x0000000000001490      0x13c /home/arduino/ArduinoApps/lookie-dookie/.cache/sketch/sketch/sketch.ino.cpp.o
                0x0000000000001490                bool arduino::msgpack::Unpacker::deserialize<std::vector<unsigned char, std::allocator<unsigned char> >>(std::vector<unsigned char, std::allocator<unsigned char> >&)
 .text._ZN7arduino7msgpack6Packer11packRawByteERKNS0_4TypeE.isra.0
                0x00000000000015cc       0x18 /home/arduino/ArduinoApps/lookie-dookie/.cache/sketch/sketch/sketch.ino.cpp.o
 .text._ZN7arduino7msgpack6Packer7packNilEv
                0x00000000000015e4       0x18 /home/arduino/ArduinoApps/lookie-dookie/.cache/sketch/sketch/sketch.ino.cpp.o
                0x00000000000015e4                arduino::msgpack::Packer::packNil()
 .text._ZN7arduino7msgpack6Packer9packUInt8Eh
                0x00000000000015fc       0x2c /home/arduino/ArduinoApps/lookie-dookie/.cache/sketch/sketch/sketch.ino.cpp.o
                0x00000000000015fc                arduino::msgpack::Packer::packUInt8(unsigned char)
 .text._ZNSt6vectorIhSaIhEE12emplace_backIJRhEEES3_DpOT_.isra.0
                0x0000000000001628       0x90 /home/arduino/ArduinoApps/lookie-dookie/.cache/sketch/sketch/sketch.ino.cpp.o
 .text._ZN7arduino7msgpack6Packer15packRawReversedIjEEvRKT_
                0x00000000000016b8       0x1c /home/arduino/ArduinoApps/lookie-dookie/.cache/sketch/sketch/sketch.ino.cpp.o
                0x00000000000016b8                void arduino::msgpack::Packer::packRawReversed<unsigned int>(unsigned int const&)
 .text._ZN7arduino7msgpack6Packer10packUInt32Ej
                0x00000000000016d4       0x28 /home/arduino/ArduinoApps/lookie-dookie/.cache/sketch/sketch/sketch.ino.cpp.o
                0x00000000000016d4                arduino::msgpack::Packer::packUInt32(unsigned int)
 .text._ZN7arduino7msgpack6Packer15packRawReversedItEEvRKT_
                0x00000000000016fc       0x1c /home/arduino/ArduinoApps/lookie-dookie/.cache/sketch/sketch/sketch.ino.cpp.o
                0x00000000000016fc                void arduino::msgpack::Packer::packRawReversed<unsigned short>(unsigned short const&)
 .text._ZN7arduino7msgpack6Packer13packArraySizeEj
                0x0000000000001718       0x58 /home/arduino/ArduinoApps/lookie-dookie/.cache/sketch/sketch/sketch.ino.cpp.o
                0x0000000000001718                arduino::msgpack::Packer::packArraySize(unsigned int)
 .text._ZN7arduino7msgpack6Packer10packUInt16Et
                0x0000000000001770       0x2c /home/arduino/ArduinoApps/lookie-dookie/.cache/sketch/sketch/sketch.ino.cpp.o
                0x0000000000001770                arduino::msgpack::Packer::packUInt16(unsigned short)
 .text._ZN7arduino7msgpack6Packer11packIntegerIjEENSt9enable_ifIXaaaaaasrSt13is_arithmeticIT_E5valuesrSt11is_integralIS5_E5valuentsrSt7is_sameIS5_bE5valuentsrS9_INSt9remove_cvIS5_E4typeEPcE5valueEvE4typeERKS5_.isra.0
                0x000000000000179c       0x50 /home/arduino/ArduinoApps/lookie-dookie/.cache/sketch/sketch/sketch.ino.cpp.o
 .text._ZN7arduino7msgpack6Packer11packIntegerIiEENSt9enable_ifIXaaaaaasrSt13is_arithmeticIT_E5valuesrSt11is_integralIS5_E5valuentsrSt7is_sameIS5_bE5valuentsrS9_INSt9remove_cvIS5_E4typeEPcE5valueEvE4typeERKS5_.isra.0
                0x00000000000017ec       0xb8 /home/arduino/ArduinoApps/lookie-dookie/.cache/sketch/sketch/sketch.ino.cpp.o
 .text._ZN7arduino7msgpack6Packer12packRawBytesEPKcj
                0x00000000000018a4       0x9c /home/arduino/ArduinoApps/lookie-dookie/.cache/sketch/sketch/sketch.ino.cpp.o
                0x00000000000018a4                arduino::msgpack::Packer::packRawBytes(char const*, unsigned int)
 .text._ZN7arduino7msgpack6Packer4packERKNS_6StringE
                0x0000000000001940       0x7c /home/arduino/ArduinoApps/lookie-dookie/.cache/sketch/sketch/sketch.ino.cpp.o
                0x0000000000001940                arduino::msgpack::Packer::pack(arduino::String const&)
 .text._ZN7arduino7msgpack6Packer9serializeIJRKiRjRKNS_6StringEEEEvRKNS0_4type9ArraySizeEDpOT_.isra.0
                0x00000000000019bc       0x38 /home/arduino/ArduinoApps/lookie-dookie/.cache/sketch/sketch/sketch.ino.cpp.o
 .text._ZN7arduino7msgpack6Packer9serializeI8RpcErrorJRNS0_6object5nil_tEEEENSt9enable_ifIXoooontsrSt10is_pointerIT_E5valuesrSt7is_sameIS9_PKcE5valuesrSB_IS9_PKNS_19__FlashStringHelperEE5valueEvE4typeERKS9_DpOT0_.isra.0
                0x00000000000019f4       0x38 /home/arduino/ArduinoApps/lookie-dookie/.cache/sketch/sketch/sketch.ino.cpp.o
 .text._ZN18RpcFunctionWrapperISt8functionIFfvEEEclERN7arduino7msgpack8UnpackerERNS5_6PackerE
                0x0000000000001a2c       0xcc /home/arduino/ArduinoApps/lookie-dookie/.cache/sketch/sketch/sketch.ino.cpp.o
                0x0000000000001a2c                RpcFunctionWrapper<std::function<float ()> >::operator()(arduino::msgpack::Unpacker&, arduino::msgpack::Packer&)
 .text._ZN18RpcFunctionWrapperISt8functionIFivEEEclERN7arduino7msgpack8UnpackerERNS5_6PackerE
                0x0000000000001af8       0xa4 /home/arduino/ArduinoApps/lookie-dookie/.cache/sketch/sketch/sketch.ino.cpp.o
                0x0000000000001af8                RpcFunctionWrapper<std::function<int ()> >::operator()(arduino::msgpack::Unpacker&, arduino::msgpack::Packer&)
 .text._ZN7arduino7msgpack8Unpacker9unpackIntIiEENSt9enable_ifIXaaaaaaaasrSt13is_arithmeticIT_E5valuesrSt11is_integralIS5_E5valuentsrSt7is_sameIS5_bE5valuentsrS9_INSt9remove_cvIS5_E4typeEPcE5valuesrSt9is_signedIS5_E5valueES5_E4typeEv
                0x0000000000001b9c       0xd0 /home/arduino/ArduinoApps/lookie-dookie/.cache/sketch/sketch/sketch.ino.cpp.o
                0x0000000000001b9c                std::enable_if<(((std::is_arithmetic<int>::value&&std::is_integral<int>::value)&&(!std::is_same<int, bool>::value))&&(!std::is_same<std::remove_cv<int>::type, char*>::value))&&std::is_signed<int>::value, int>::type arduino::msgpack::Unpacker::unpackInt<int>()
 .text._ZN7arduino7msgpack8Unpacker11deserializeIiJEEEbRT_DpOT0_
                0x0000000000001c6c       0x40 /home/arduino/ArduinoApps/lookie-dookie/.cache/sketch/sketch/sketch.ino.cpp.o
                0x0000000000001c6c                bool arduino::msgpack::Unpacker::deserialize<int>(int&)
 .text._ZN7arduino7msgpack8Unpacker11unpackFloatIfEENSt9enable_ifIXaasrSt13is_arithmeticIT_E5valuesrSt17is_floating_pointIS5_E5valueES5_E4typeEv
                0x0000000000001cac      0x118 /home/arduino/ArduinoApps/lookie-dookie/.cache/sketch/sketch/sketch.ino.cpp.o
                0x0000000000001cac                std::enable_if<std::is_arithmetic<float>::value&&std::is_floating_point<float>::value, float>::type arduino::msgpack::Unpacker::unpackFloat<float>()
 *fill*         0x0000000000001dc4        0x4 
 .text._ZN7arduino7msgpack8Unpacker11unpackFloatIdEENSt9enable_ifIXaasrSt13is_arithmeticIT_E5valuesrSt17is_floating_pointIS5_E5valueES5_E4typeEv
                0x0000000000001dc8      0x118 /home/arduino/ArduinoApps/lookie-dookie/.cache/sketch/sketch/sketch.ino.cpp.o
                0x0000000000001dc8                std::enable_if<std::is_arithmetic<double>::value&&std::is_floating_point<double>::value, double>::type arduino::msgpack::Unpacker::unpackFloat<double>()
 .text._ZN7arduino7msgpack8Unpacker11deserializeINS0_4type9ArraySizeEJRiEEEbRT_DpOT0_
                0x0000000000001ee0       0x44 /home/arduino/ArduinoApps/lookie-dookie/.cache/sketch/sketch/sketch.ino.cpp.o
                0x0000000000001ee0                bool arduino::msgpack::Unpacker::deserialize<arduino::msgpack::type::ArraySize, int&>(arduino::msgpack::type::ArraySize&, int&)
 .text._ZNK10RpcDecoderILj1024EE4sendEPKhj
                0x0000000000001f24       0x22 /home/arduino/ArduinoApps/lookie-dookie/.cache/sketch/sketch/sketch.ino.cpp.o
                0x0000000000001f24                RpcDecoder<1024u>::send(unsigned char const*, unsigned int) const
 *fill*         0x0000000000001f46        0x2 
 .text._ZN9RPCClient8send_rpcIJRKN7arduino6StringEEEEbS4_RjDpOT_.isra.0
                0x0000000000001f48       0x84 /home/arduino/ArduinoApps/lookie-dookie/.cache/sketch/sketch/sketch.ino.cpp.o
 .text._ZN9RPCClient8send_rpcIJEEEbRKN7arduino6StringERjDpOT_.isra.0
                0x0000000000001fcc       0x74 /home/arduino/ArduinoApps/lookie-dookie/.cache/sketch/sketch/sketch.ino.cpp.o
 .text._ZN9RPCClient8send_rpcIJRKjEEEbRKN7arduino6StringERjDpOT_.isra.0
                0x0000000000002040       0x84 /home/arduino/ArduinoApps/lookie-dookie/.cache/sketch/sketch/sketch.ino.cpp.o
 .text._ZNK9RPCServer13send_responseILj256EEEbRK10RPCRequestIXT_EE.isra.0
                0x00000000000020c4       0x24 /home/arduino/ArduinoApps/lookie-dookie/.cache/sketch/sketch/sketch.ino.cpp.o
 .text._ZN7RpcCallIJRKN7arduino6StringEEE8setErrorEiS1_
                0x00000000000020e8       0x40 /home/arduino/ArduinoApps/lookie-dookie/.cache/sketch/sketch/sketch.ino.cpp.o
                0x00000000000020e8                RpcCall<arduino::String const&>::setError(int, arduino::String)
 .text._ZN7RpcCallIJRKN7arduino6StringEEEC2ES3_P9RPCClientP7k_mutexS8_S3_
                0x0000000000002128       0x80 /home/arduino/ArduinoApps/lookie-dookie/.cache/sketch/sketch/sketch.ino.cpp.o
                0x0000000000002128                RpcCall<arduino::String const&>::RpcCall(arduino::String const&, RPCClient*, k_mutex*, k_mutex*, arduino::String const&)
                0x0000000000002128                RpcCall<arduino::String const&>::RpcCall(arduino::String const&, RPCClient*, k_mutex*, k_mutex*, arduino::String const&)
 .text._ZN7RpcCallIJRKN7arduino6StringEEE7isErrorEv
                0x00000000000021a8       0x34 /home/arduino/ArduinoApps/lookie-dookie/.cache/sketch/sketch/sketch.ino.cpp.o
                0x00000000000021a8                RpcCall<arduino::String const&>::isError()
 .text._ZN10RpcDecoderILj1024EE7consumeEjj
                0x00000000000021dc       0x50 /home/arduino/ArduinoApps/lookie-dookie/.cache/sketch/sketch/sketch.ino.cpp.o
                0x00000000000021dc                RpcDecoder<1024u>::consume(unsigned int, unsigned int)
 .text._ZN10RpcDecoderILj1024EE7discardEv
                0x000000000000222c       0x2c /home/arduino/ArduinoApps/lookie-dookie/.cache/sketch/sketch/sketch.ino.cpp.o
                0x000000000000222c                RpcDecoder<1024u>::discard()
 .text._ZN7arduino7msgpack8Unpacker11deserializeI8RpcErrorJRNS0_6object5nil_tEEEEbRT_DpOT0_
                0x0000000000002258       0x90 /home/arduino/ArduinoApps/lookie-dookie/.cache/sketch/sketch/sketch.ino.cpp.o
                0x0000000000002258                bool arduino::msgpack::Unpacker::deserialize<RpcError, arduino::msgpack::object::nil_t&>(RpcError&, arduino::msgpack::object::nil_t&)
 .text._ZNK21RpcFunctionDispatcherILj100EE7isBoundERKN7arduino6StringE
                0x00000000000022e8       0x34 /home/arduino/ArduinoApps/lookie-dookie/.cache/sketch/sketch/sketch.ino.cpp.o
                0x00000000000022e8                RpcFunctionDispatcher<100u>::isBound(arduino::String const&) const
 .text._Z4wrapIRFivESt8functionIS0_EEP18RpcFunctionWrapperIT0_EOT_
                0x000000000000231c       0x6c /home/arduino/ArduinoApps/lookie-dookie/.cache/sketch/sketch/sketch.ino.cpp.o
                0x000000000000231c                RpcFunctionWrapper<std::function<int ()> >* wrap<int (&)(), std::function<int ()> >(int (&)())
 .text._Z4wrapIRFfvESt8functionIS0_EEP18RpcFunctionWrapperIT0_EOT_
                0x0000000000002388       0x6c /home/arduino/ArduinoApps/lookie-dookie/.cache/sketch/sketch/sketch.ino.cpp.o
                0x0000000000002388                RpcFunctionWrapper<std::function<float ()> >* wrap<float (&)(), std::function<float ()> >(float (&)())
 .text._ZN7arduino7msgpack8Unpacker10unpackUIntIjEENSt9enable_ifIXaaaaaaaasrSt13is_arithmeticIT_E5valuesrSt11is_integralIS5_E5valuentsrSt7is_sameIS5_bE5valuentsrS9_INSt9remove_cvIS5_E4typeEPcE5valuentsrSt9is_signedIS5_E5valueES5_E4typeEv
                0x00000000000023f4       0x80 /home/arduino/ArduinoApps/lookie-dookie/.cache/sketch/sketch/sketch.ino.cpp.o
                0x00000000000023f4                std::enable_if<(((std::is_arithmetic<unsigned int>::value&&std::is_integral<unsigned int>::value)&&(!std::is_same<unsigned int, bool>::value))&&(!std::is_same<std::remove_cv<unsigned int>::type, char*>::value))&&(!std::is_signed<unsigned int>::value), unsigned int>::type arduino::msgpack::Unpacker::unpackUInt<unsigned int>()
 .text._ZN7arduino7msgpack8Unpacker11deserializeIjJRNS_6StringEEEEbRT_DpOT0_
                0x0000000000002474       0x44 /home/arduino/ArduinoApps/lookie-dookie/.cache/sketch/sketch/sketch.ino.cpp.o
                0x0000000000002474                bool arduino::msgpack::Unpacker::deserialize<unsigned int, arduino::String&>(unsigned int&, arduino::String&)
 .text._ZN10RpcDecoderILj1024EE16fetch_rpc_methodEv
                0x00000000000024b8       0xe8 /home/arduino/ArduinoApps/lookie-dookie/.cache/sketch/sketch/sketch.ino.cpp.o
                0x00000000000024b8                RpcDecoder<1024u>::fetch_rpc_method()
 .text._ZN10RPCRequestILj256EE22unpack_request_headersEv
                0x00000000000025a0       0xb8 /home/arduino/ArduinoApps/lookie-dookie/.cache/sketch/sketch/sketch.ino.cpp.o
                0x00000000000025a0                RPCRequest<256u>::unpack_request_headers()
 .text._ZN9RPCServer15process_requestILj256EEEvR10RPCRequestIXT_EE
                0x0000000000002658      0x114 /home/arduino/ArduinoApps/lookie-dookie/.cache/sketch/sketch/sketch.ino.cpp.o
                0x0000000000002658                void RPCServer::process_request<256u>(RPCRequest<256u>&)
 .text._ZN7arduino7msgpack8Unpacker11deserializeIjJEEEbRT_DpOT0_
                0x000000000000276c       0x40 /home/arduino/ArduinoApps/lookie-dookie/.cache/sketch/sketch/sketch.ino.cpp.o
                0x000000000000276c                bool arduino::msgpack::Unpacker::deserialize<unsigned int>(unsigned int&)
 .text._ZN7arduino7msgpack8Unpacker11deserializeINS0_4type9ArraySizeEJRiRjEEEbRT_DpOT0_
                0x00000000000027ac       0x78 /home/arduino/ArduinoApps/lookie-dookie/.cache/sketch/sketch/sketch.ino.cpp.o
                0x00000000000027ac                bool arduino::msgpack::Unpacker::deserialize<arduino::msgpack::type::ArraySize, int&, unsigned int&>(arduino::msgpack::type::ArraySize&, int&, unsigned int&)
 .text._ZN10RpcDecoderILj1024EE12get_responseIN7arduino7msgpack6object5nil_tEEEbjRT_R8RpcError
                0x0000000000002824      0x17c /home/arduino/ArduinoApps/lookie-dookie/.cache/sketch/sketch/sketch.ino.cpp.o
                0x0000000000002824                bool RpcDecoder<1024u>::get_response<arduino::msgpack::object::nil_t>(unsigned int, arduino::msgpack::object::nil_t&, RpcError&)
 .text._ZN10RpcDecoderILj1024EE12get_responseIbEEbjRT_R8RpcError
                0x00000000000029a0      0x17c /home/arduino/ArduinoApps/lookie-dookie/.cache/sketch/sketch/sketch.ino.cpp.o
                0x00000000000029a0                bool RpcDecoder<1024u>::get_response<bool>(unsigned int, bool&, RpcError&)
 .text._ZNSt11__copy_moveILb0ELb1ESt26random_access_iterator_tagE8__copy_mIhEEPT_PKS3_S6_S4_
                0x0000000000002b1c       0x1c /home/arduino/ArduinoApps/lookie-dookie/.cache/sketch/sketch/sketch.ino.cpp.o
                0x0000000000002b1c                unsigned char* std::__copy_move<false, true, std::random_access_iterator_tag>::__copy_m<unsigned char>(unsigned char const*, unsigned char const*, unsigned char*)
 .text._ZNSt11__copy_moveILb1ELb1ESt26random_access_iterator_tagE8__copy_mIhEEPT_PKS3_S6_S4_
                0x0000000000002b38       0x1c /home/arduino/ArduinoApps/lookie-dookie/.cache/sketch/sketch/sketch.ino.cpp.o
                0x0000000000002b38                unsigned char* std::__copy_move<true, true, std::random_access_iterator_tag>::__copy_m<unsigned char>(unsigned char const*, unsigned char const*, unsigned char*)
 .text._ZN7arduino7msgpack6object3extC2EaPKhj
                0x0000000000002b54      0x104 /home/arduino/ArduinoApps/lookie-dookie/.cache/sketch/sketch/sketch.ino.cpp.o
                0x0000000000002b54                arduino::msgpack::object::ext::ext(signed char, unsigned char const*, unsigned int)
                0x0000000000002b54                arduino::msgpack::object::ext::ext(signed char, unsigned char const*, unsigned int)
 .text._ZN7arduino7msgpack8Unpacker9unpackExtEv
                0x0000000000002c58      0x178 /home/arduino/ArduinoApps/lookie-dookie/.cache/sketch/sketch/sketch.ino.cpp.o
                0x0000000000002c58                arduino::msgpack::Unpacker::unpackExt()
 .text._ZN8RpcUtils6detail12unpackObjectERN7arduino7msgpack8UnpackerE
                0x0000000000002dd0      0x294 /home/arduino/ArduinoApps/lookie-dookie/.cache/sketch/sketch/sketch.ino.cpp.o
                0x0000000000002dd0                RpcUtils::detail::unpackObject(arduino::msgpack::Unpacker&)
 .text._ZN10RpcDecoderILj1024EE12parse_packetEv
                0x0000000000003064      0x134 /home/arduino/ArduinoApps/lookie-dookie/.cache/sketch/sketch/sketch.ino.cpp.o
                0x0000000000003064                RpcDecoder<1024u>::parse_packet()
 .text._ZN10RpcDecoderILj1024EE6decodeEv
                0x0000000000003198       0x40 /home/arduino/ArduinoApps/lookie-dookie/.cache/sketch/sketch/sketch.ino.cpp.o
                0x0000000000003198                RpcDecoder<1024u>::decode()
 .text._ZN9RPCServer7get_rpcILj256EEEbR10RPCRequestIXT_EEN7arduino6StringE
                0x00000000000031d8       0xc4 /home/arduino/ArduinoApps/lookie-dookie/.cache/sketch/sketch/sketch.ino.cpp.o
                0x00000000000031d8                bool RPCServer::get_rpc<256u>(RPCRequest<256u>&, arduino::String)
 .text._ZN11BridgeClass11update_safeEv
                0x000000000000329c       0xb0 /home/arduino/ArduinoApps/lookie-dookie/.cache/sketch/sketch/sketch.ino.cpp.o
                0x000000000000329c                BridgeClass::update_safe()
 .text._Z10__loopHookv
                0x000000000000334c       0x28 /home/arduino/ArduinoApps/lookie-dookie/.cache/sketch/sketch/sketch.ino.cpp.o
                0x000000000000334c                __loopHook()
 .text._ZN11BridgeClass6updateEv
                0x0000000000003374       0xb0 /home/arduino/ArduinoApps/lookie-dookie/.cache/sketch/sketch/sketch.ino.cpp.o
                0x0000000000003374                BridgeClass::update()
 .text._Z16updateEntryPointPvS_S_
                0x0000000000003424       0x28 /home/arduino/ArduinoApps/lookie-dookie/.cache/sketch/sketch/sketch.ino.cpp.o
                0x0000000000003424                updateEntryPoint(void*, void*, void*)
 .text.loop     0x000000000000344c       0x48 /home/arduino/ArduinoApps/lookie-dookie/.cache/sketch/sketch/sketch.ino.cpp.o
                0x000000000000344c                loop
 .text._ZN9RPCClient12get_responseIN7arduino7msgpack6object5nil_tEEEbjRT_R8RpcError
                0x0000000000003494       0x40 /home/arduino/ArduinoApps/lookie-dookie/.cache/sketch/sketch/sketch.ino.cpp.o
                0x0000000000003494                bool RPCClient::get_response<arduino::msgpack::object::nil_t>(unsigned int, arduino::msgpack::object::nil_t&, RpcError&)
 .text._ZN7RpcCallIJRKN7arduino6StringEEED2Ev
                0x00000000000034d4      0x118 /home/arduino/ArduinoApps/lookie-dookie/.cache/sketch/sketch/sketch.ino.cpp.o
                0x00000000000034d4                RpcCall<arduino::String const&>::~RpcCall()
                0x00000000000034d4                RpcCall<arduino::String const&>::~RpcCall()
 .text._ZN9RPCClient12get_responseIbEEbjRT_R8RpcError
                0x00000000000035ec       0x40 /home/arduino/ArduinoApps/lookie-dookie/.cache/sketch/sketch/sketch.ino.cpp.o
                0x00000000000035ec                bool RPCClient::get_response<bool>(unsigned int, bool&, RpcError&)
 .text._ZN7RpcCallIJEE6resultIbEEbRT_
                0x000000000000362c      0x114 /home/arduino/ArduinoApps/lookie-dookie/.cache/sketch/sketch/sketch.ino.cpp.o
                0x000000000000362c                bool RpcCall<>::result<bool>(bool&)
 .text._ZN7RpcCallIJRKN7arduino6StringEEE6resultIbEEbRT_
                0x0000000000003740      0x118 /home/arduino/ArduinoApps/lookie-dookie/.cache/sketch/sketch/sketch.ino.cpp.o
                0x0000000000003740                bool RpcCall<arduino::String const&>::result<bool>(bool&)
 .text._ZN8RpcUtils6detail9unpackMapERN7arduino7msgpack8UnpackerERj
                0x0000000000003858       0x80 /home/arduino/ArduinoApps/lookie-dookie/.cache/sketch/sketch/sketch.ino.cpp.o
                0x0000000000003858                RpcUtils::detail::unpackMap(arduino::msgpack::Unpacker&, unsigned int&)
 .text._ZN11BridgeClass6notifyIJRN7arduino6StringEEEEvS2_DpOT_
                0x00000000000038d8       0xac /home/arduino/ArduinoApps/lookie-dookie/.cache/sketch/sketch/sketch.ino.cpp.o
                0x00000000000038d8                void BridgeClass::notify<arduino::String&>(arduino::String, arduino::String&)
 .text._ZN7RpcCallIJRN7arduino6StringEEE8setErrorEiS1_
                0x0000000000003984       0x40 /home/arduino/ArduinoApps/lookie-dookie/.cache/sketch/sketch/sketch.ino.cpp.o
                0x0000000000003984                RpcCall<arduino::String&>::setError(int, arduino::String)
 .text._ZN10RpcDecoderILj1024EE12get_responseIjEEbjRT_R8RpcError
                0x00000000000039c4      0x17c /home/arduino/ArduinoApps/lookie-dookie/.cache/sketch/sketch/sketch.ino.cpp.o
                0x00000000000039c4                bool RpcDecoder<1024u>::get_response<unsigned int>(unsigned int, unsigned int&, RpcError&)
 .text._ZN13BridgeMonitorILj512EE5writeEPKhj
                0x0000000000003b40      0x2ac /home/arduino/ArduinoApps/lookie-dookie/.cache/sketch/sketch/sketch.ino.cpp.o
                0x0000000000003b40                BridgeMonitor<512u>::write(unsigned char const*, unsigned int)
 .text._ZN7RpcCallIJRjEE8setErrorEiN7arduino6StringE
                0x0000000000003dec       0x40 /home/arduino/ArduinoApps/lookie-dookie/.cache/sketch/sketch/sketch.ino.cpp.o
                0x0000000000003dec                RpcCall<unsigned int&>::setError(int, arduino::String)
 .text._ZN7RpcCallIJRjEE7isErrorEv
                0x0000000000003e2c       0x34 /home/arduino/ArduinoApps/lookie-dookie/.cache/sketch/sketch/sketch.ino.cpp.o
                0x0000000000003e2c                RpcCall<unsigned int&>::isError()
 .text._ZN10RpcDecoderILj1024EE12get_responseISt6vectorIhSaIhEEEEbjRT_R8RpcError
                0x0000000000003e60      0x17c /home/arduino/ArduinoApps/lookie-dookie/.cache/sketch/sketch/sketch.ino.cpp.o
                0x0000000000003e60                bool RpcDecoder<1024u>::get_response<std::vector<unsigned char, std::allocator<unsigned char> > >(unsigned int, std::vector<unsigned char, std::allocator<unsigned char> >&, RpcError&)
 .text._ZN7RpcCallIJRjEE6resultISt6vectorIhSaIhEEEEbRT_
                0x0000000000003fdc      0x134 /home/arduino/ArduinoApps/lookie-dookie/.cache/sketch/sketch/sketch.ino.cpp.o
                0x0000000000003fdc                bool RpcCall<unsigned int&>::result<std::vector<unsigned char, std::allocator<unsigned char> > >(std::vector<unsigned char, std::allocator<unsigned char> >&)
 .text._ZN13BridgeMonitorILj512EE5_readEj
                0x0000000000004110      0x1f8 /home/arduino/ArduinoApps/lookie-dookie/.cache/sketch/sketch/sketch.ino.cpp.o
                0x0000000000004110                BridgeMonitor<512u>::_read(unsigned int)
 .text._ZN13BridgeMonitorILj512EE9availableEv
                0x0000000000004308       0x44 /home/arduino/ArduinoApps/lookie-dookie/.cache/sketch/sketch/sketch.ino.cpp.o
                0x0000000000004308                BridgeMonitor<512u>::available()
 .text._GLOBAL__sub_I_sensor
                0x000000000000434c      0x134 /home/arduino/ArduinoApps/lookie-dookie/.cache/sketch/sketch/sketch.ino.cpp.o
 .text._GLOBAL__sub_D_sensor
                0x0000000000004480       0x2c /home/arduino/ArduinoApps/lookie-dookie/.cache/sketch/sketch/sketch.ino.cpp.o
 .text.setup    0x00000000000044ac      0x554 /home/arduino/ArduinoApps/lookie-dookie/.cache/sketch/sketch/sketch.ino.cpp.o
                0x00000000000044ac                setup
 .text._ZN11HS300xClass11_readSensorEv
                0x0000000000004a00       0xc4 /home/arduino/ArduinoApps/lookie-dookie/.cache/sketch/libraries/Arduino_HS300x/HS300x.cpp.o
                0x0000000000004a00                HS300xClass::_readSensor()
 .text._ZN11HS300xClass15_measurementReqEv
                0x0000000000004ac4       0x60 /home/arduino/ArduinoApps/lookie-dookie/.cache/sketch/libraries/Arduino_HS300x/HS300x.cpp.o
                0x0000000000004ac4                HS300xClass::_measurementReq()
 .text._ZN11HS300xClassC2ERN7arduino9ZephyrI2CE
                0x0000000000004b24        0x4 /home/arduino/ArduinoApps/lookie-dookie/.cache/sketch/libraries/Arduino_HS300x/HS300x.cpp.o
                0x0000000000004b24                HS300xClass::HS300xClass(arduino::ZephyrI2C&)
                0x0000000000004b24                HS300xClass::HS300xClass(arduino::ZephyrI2C&)
 .text._ZN11HS300xClass5beginEv
                0x0000000000004b28       0x20 /home/arduino/ArduinoApps/lookie-dookie/.cache/sketch/libraries/Arduino_HS300x/HS300x.cpp.o
                0x0000000000004b28                HS300xClass::begin()
 .text._ZN11HS300xClass15readTemperatureEi
                0x0000000000004b48       0x64 /home/arduino/ArduinoApps/lookie-dookie/.cache/sketch/libraries/Arduino_HS300x/HS300x.cpp.o
                0x0000000000004b48                HS300xClass::readTemperature(int)
 .text._GLOBAL__sub_I__ZN11HS300xClass15_measurementReqEv
                0x0000000000004bac       0x10 /home/arduino/ArduinoApps/lookie-dookie/.cache/sketch/libraries/Arduino_HS300x/HS300x.cpp.o
 .text._GLOBAL__sub_I__ZN12LPS22HBClassC2ERN7arduino9ZephyrI2CE
                0x0000000000004bbc       0x14 /home/arduino/ArduinoApps/lookie-dookie/.cache/sketch/libraries/Arduino_LPS22HB/BARO.cpp.o
 .text._GLOBAL__sub_I__ZN13LSM6DSOXClassC2ERN7arduino9ZephyrI2CEh
                0x0000000000004bd0       0x28 /home/arduino/ArduinoApps/lookie-dookie/.cache/sketch/libraries/Arduino_LSM6DSOX/LSM6DSOX.cpp.o
 .text._ZN14LTR381RGBClassC2ERN7arduino9ZephyrI2CEh
                0x0000000000004bf8       0x36 /home/arduino/ArduinoApps/lookie-dookie/.cache/sketch/libraries/Arduino_LTR381RGB/LTR381RGB.cpp.o
                0x0000000000004bf8                LTR381RGBClass::LTR381RGBClass(arduino::ZephyrI2C&, unsigned char)
                0x0000000000004bf8                LTR381RGBClass::LTR381RGBClass(arduino::ZephyrI2C&, unsigned char)
 *fill*         0x0000000000004c2e        0x2 
 .text._GLOBAL__sub_I__ZN14LTR381RGBClassC2ERN7arduino9ZephyrI2CEh
                0x0000000000004c30       0x18 /home/arduino/ArduinoApps/lookie-dookie/.cache/sketch/libraries/Arduino_LTR381RGB/LTR381RGB.cpp.o
 .text._Z21__increaseI2CPriorityv
                0x0000000000004c48        0x2 /home/arduino/ArduinoApps/lookie-dookie/.cache/sketch/libraries/Arduino_Modulino/Modulino.cpp.o
                0x0000000000004c48                __increaseI2CPriority()
 *fill*         0x0000000000004c4a        0x2 
 .text._ZN15ModulinoHubPort6selectEv
                0x0000000000004c4c       0x30 /home/arduino/ArduinoApps/lookie-dookie/.cache/sketch/libraries/Arduino_Modulino/Modulino.cpp.o
                0x0000000000004c4c                ModulinoHubPort::select()
 .text._ZN15ModulinoHubPort5clearEv
                0x0000000000004c7c       0x2c /home/arduino/ArduinoApps/lookie-dookie/.cache/sketch/libraries/Arduino_Modulino/Modulino.cpp.o
                0x0000000000004c7c                ModulinoHubPort::clear()
 .text._GLOBAL__sub_I_Modulino
                0x0000000000004ca8       0x68 /home/arduino/ArduinoApps/lookie-dookie/.cache/sketch/libraries/Arduino_Modulino/Modulino.cpp.o
 .text._ZN7arduino9ZephyrI2C5writeEi
                0x0000000000004d10        0x8 /home/arduino/ArduinoApps/lookie-dookie/.cache/sketch/libraries/Wire/Wire.cpp.o
                0x0000000000004d10                arduino::ZephyrI2C::write(int)
 .text._ZN7arduino9ZephyrI2C5beginEv
                0x0000000000004d18        0x2 /home/arduino/ArduinoApps/lookie-dookie/.cache/sketch/libraries/Wire/Wire.cpp.o
                0x0000000000004d18                arduino::ZephyrI2C::flush()
                0x0000000000004d18                arduino::ZephyrI2C::begin()
 .text._ZN7arduino9ZephyrI2C15endTransmissionEv
                0x0000000000004d1a        0x8 /home/arduino/ArduinoApps/lookie-dookie/.cache/sketch/libraries/Wire/Wire.cpp.o
                0x0000000000004d1a                arduino::ZephyrI2C::endTransmission()
 .text._ZN7arduino9ZephyrI2C11requestFromEhj
                0x0000000000004d22       0x10 /home/arduino/ArduinoApps/lookie-dookie/.cache/sketch/libraries/Wire/Wire.cpp.o
                0x0000000000004d22                arduino::ZephyrI2C::requestFrom(unsigned char, unsigned int)
 .text._ZN7arduino9ZephyrI2C9availableEv
                0x0000000000004d32        0xe /home/arduino/ArduinoApps/lookie-dookie/.cache/sketch/libraries/Wire/Wire.cpp.o
                0x0000000000004d32                arduino::ZephyrI2C::available()
 .text._ZN7arduino9ZephyrI2C9onReceiveEPFviE
                0x0000000000004d40        0x6 /home/arduino/ArduinoApps/lookie-dookie/.cache/sketch/libraries/Wire/Wire.cpp.o
                0x0000000000004d40                arduino::ZephyrI2C::onReceive(void (*)(int))
 .text._ZN7arduino9ZephyrI2C9onRequestEPFvvE
                0x0000000000004d46        0x6 /home/arduino/ArduinoApps/lookie-dookie/.cache/sketch/libraries/Wire/Wire.cpp.o
                0x0000000000004d46                arduino::ZephyrI2C::onRequest(void (*)())
 .text._ZN7arduino9ZephyrI2C5writeEh
                0x0000000000004d4c       0x1c /home/arduino/ArduinoApps/lookie-dookie/.cache/sketch/libraries/Wire/Wire.cpp.o
                0x0000000000004d4c                arduino::ZephyrI2C::write(unsigned char)
 .text._ZN7arduino9ZephyrI2C5writeEPKhj
                0x0000000000004d68        0xc /home/arduino/ArduinoApps/lookie-dookie/.cache/sketch/libraries/Wire/Wire.cpp.o
                0x0000000000004d68                arduino::ZephyrI2C::write(unsigned char const*, unsigned int)
 .text._ZN7arduino9ZephyrI2C4readEv
                0x0000000000004d74       0x28 /home/arduino/ArduinoApps/lookie-dookie/.cache/sketch/libraries/Wire/Wire.cpp.o
                0x0000000000004d74                arduino::ZephyrI2C::read()
 .text._ZL28i2c_target_read_processed_cbP17i2c_target_configPh
                0x0000000000004d9c       0x18 /home/arduino/ArduinoApps/lookie-dookie/.cache/sketch/libraries/Wire/Wire.cpp.o
 .text._ZN7arduino9ZephyrI2C4peekEv
                0x0000000000004db4       0x28 /home/arduino/ArduinoApps/lookie-dookie/.cache/sketch/libraries/Wire/Wire.cpp.o
                0x0000000000004db4                arduino::ZephyrI2C::peek()
 .text._ZN7arduino9ZephyrI2C3endEv
                0x0000000000004ddc       0x24 /home/arduino/ArduinoApps/lookie-dookie/.cache/sketch/libraries/Wire/Wire.cpp.o
                0x0000000000004ddc                arduino::ZephyrI2C::end()
 .text._ZN7arduino9ZephyrI2C5beginEh
                0x0000000000004e00       0x20 /home/arduino/ArduinoApps/lookie-dookie/.cache/sketch/libraries/Wire/Wire.cpp.o
                0x0000000000004e00                arduino::ZephyrI2C::begin(unsigned char)
 .text._ZN7arduino9ZephyrI2C8setClockEj
                0x0000000000004e20       0x3c /home/arduino/ArduinoApps/lookie-dookie/.cache/sketch/libraries/Wire/Wire.cpp.o
                0x0000000000004e20                arduino::ZephyrI2C::setClock(unsigned int)
 .text._ZN7arduino9ZephyrI2C15endTransmissionEb
                0x0000000000004e5c       0x74 /home/arduino/ArduinoApps/lookie-dookie/.cache/sketch/libraries/Wire/Wire.cpp.o
                0x0000000000004e5c                arduino::ZephyrI2C::endTransmission(bool)
 .text._ZN7arduino9ZephyrI2C11requestFromEhjb
                0x0000000000004ed0       0x98 /home/arduino/ArduinoApps/lookie-dookie/.cache/sketch/libraries/Wire/Wire.cpp.o
                0x0000000000004ed0                arduino::ZephyrI2C::requestFrom(unsigned char, unsigned int, bool)
 .text._ZL29i2c_target_write_requested_cbP17i2c_target_config
                0x0000000000004f68        0xe /home/arduino/ArduinoApps/lookie-dookie/.cache/sketch/libraries/Wire/Wire.cpp.o
 .text._ZN7arduino9ZephyrI2C17beginTransmissionEh
                0x0000000000004f76       0x14 /home/arduino/ArduinoApps/lookie-dookie/.cache/sketch/libraries/Wire/Wire.cpp.o
                0x0000000000004f76                arduino::ZephyrI2C::beginTransmission(unsigned char)
 *fill*         0x0000000000004f8a        0x2 
 .text._ZN7arduino9ZephyrI2CC2EPK6device
                0x0000000000004f8c       0x4c /home/arduino/ArduinoApps/lookie-dookie/.cache/sketch/libraries/Wire/Wire.cpp.o
                0x0000000000004f8c                arduino::ZephyrI2C::ZephyrI2C(device const*)
                0x0000000000004f8c                arduino::ZephyrI2C::ZephyrI2C(device const*)
 .text._ZN7arduino9ZephyrI2C21writeReceivedCallbackEP17i2c_target_configh
                0x0000000000004fd8       0x44 /home/arduino/ArduinoApps/lookie-dookie/.cache/sketch/libraries/Wire/Wire.cpp.o
                0x0000000000004fd8                arduino::ZephyrI2C::writeReceivedCallback(i2c_target_config*, unsigned char)
 .text._ZL28i2c_target_write_received_cbP17i2c_target_configh
                0x000000000000501c       0x10 /home/arduino/ArduinoApps/lookie-dookie/.cache/sketch/libraries/Wire/Wire.cpp.o
 .text._ZN7arduino9ZephyrI2C21readRequestedCallbackEP17i2c_target_configPh
                0x000000000000502c       0x30 /home/arduino/ArduinoApps/lookie-dookie/.cache/sketch/libraries/Wire/Wire.cpp.o
                0x000000000000502c                arduino::ZephyrI2C::readRequestedCallback(i2c_target_config*, unsigned char*)
 .text._ZL28i2c_target_read_requested_cbP17i2c_target_configPh
                0x000000000000505c       0x10 /home/arduino/ArduinoApps/lookie-dookie/.cache/sketch/libraries/Wire/Wire.cpp.o
 .text._ZN7arduino9ZephyrI2C12stopCallbackEP17i2c_target_config
                0x000000000000506c       0x1c /home/arduino/ArduinoApps/lookie-dookie/.cache/sketch/libraries/Wire/Wire.cpp.o
                0x000000000000506c                arduino::ZephyrI2C::stopCallback(i2c_target_config*)
 .text._ZL18i2c_target_stop_cbP17i2c_target_config
                0x0000000000005088        0xc /home/arduino/ArduinoApps/lookie-dookie/.cache/sketch/libraries/Wire/Wire.cpp.o
 .text._GLOBAL__sub_I__ZN7arduino9ZephyrI2CC2EPK6device
                0x0000000000005094       0x28 /home/arduino/ArduinoApps/lookie-dookie/.cache/sketch/libraries/Wire/Wire.cpp.o
 .text._ZN7arduino9ZephyrSPI14usingInterruptEi
                0x00000000000050bc        0x2 /home/arduino/ArduinoApps/lookie-dookie/.cache/sketch/libraries/SPI/SPI.cpp.o
                0x00000000000050bc                arduino::ZephyrSPI::notUsingInterrupt(int)
                0x00000000000050bc                arduino::ZephyrSPI::usingInterrupt(int)
 .text._ZN7arduino9ZephyrSPI15attachInterruptEv
                0x00000000000050be        0x2 /home/arduino/ArduinoApps/lookie-dookie/.cache/sketch/libraries/SPI/SPI.cpp.o
                0x00000000000050be                arduino::ZephyrSPI::begin()
                0x00000000000050be                arduino::ZephyrSPI::attachInterrupt()
                0x00000000000050be                arduino::ZephyrSPI::end()
                0x00000000000050be                arduino::ZephyrSPI::detachInterrupt()
 .text._ZN7arduino9ZephyrSPID2Ev
                0x00000000000050c0        0x2 /home/arduino/ArduinoApps/lookie-dookie/.cache/sketch/libraries/SPI/SPI.cpp.o
                0x00000000000050c0                arduino::ZephyrSPI::~ZephyrSPI()
                0x00000000000050c0                arduino::ZephyrSPI::~ZephyrSPI()
 *fill*         0x00000000000050c2        0x2 
 .text._ZN7arduino9ZephyrSPI16beginTransactionENS_11SPISettingsE
                0x00000000000050c4       0x80 /home/arduino/ArduinoApps/lookie-dookie/.cache/sketch/libraries/SPI/SPI.cpp.o
                0x00000000000050c4                arduino::ZephyrSPI::beginTransaction(arduino::SPISettings)
 .text._ZN7arduino9ZephyrSPID0Ev
                0x0000000000005144       0x14 /home/arduino/ArduinoApps/lookie-dookie/.cache/sketch/libraries/SPI/SPI.cpp.o
                0x0000000000005144                arduino::ZephyrSPI::~ZephyrSPI()
 .text._ZN7arduino9ZephyrSPI14endTransactionEv
                0x0000000000005158        0xc /home/arduino/ArduinoApps/lookie-dookie/.cache/sketch/libraries/SPI/SPI.cpp.o
                0x0000000000005158                arduino::ZephyrSPI::endTransaction()
 .text._ZN7arduino9ZephyrSPI8transferEPvjPK10spi_config
                0x0000000000005164       0x2e /home/arduino/ArduinoApps/lookie-dookie/.cache/sketch/libraries/SPI/SPI.cpp.o
                0x0000000000005164                arduino::ZephyrSPI::transfer(void*, unsigned int, spi_config const*)
 *fill*         0x0000000000005192        0x2 
 .text._ZN7arduino9ZephyrSPI8transferEh
                0x0000000000005194       0x28 /home/arduino/ArduinoApps/lookie-dookie/.cache/sketch/libraries/SPI/SPI.cpp.o
                0x0000000000005194                arduino::ZephyrSPI::transfer(unsigned char)
 .text._ZN7arduino9ZephyrSPI10transfer16Et
                0x00000000000051bc       0x28 /home/arduino/ArduinoApps/lookie-dookie/.cache/sketch/libraries/SPI/SPI.cpp.o
                0x00000000000051bc                arduino::ZephyrSPI::transfer16(unsigned short)
 .text._ZN7arduino9ZephyrSPI8transferEPvj
                0x00000000000051e4       0x14 /home/arduino/ArduinoApps/lookie-dookie/.cache/sketch/libraries/SPI/SPI.cpp.o
                0x00000000000051e4                arduino::ZephyrSPI::transfer(void*, unsigned int)
 .text._GLOBAL__sub_I__ZN7arduino9ZephyrSPIC2EPK6device
                0x00000000000051f8       0x34 /home/arduino/ArduinoApps/lookie-dookie/.cache/sketch/libraries/SPI/SPI.cpp.o
 .text._ZSt20__throw_length_errorPKc
                0x000000000000522c        0x2 /home/arduino/ArduinoApps/lookie-dookie/.cache/sketch/core/core.a(abi.cpp.o)
                0x000000000000522c                std::__throw_length_error(char const*)
 .text._ZSt17__throw_bad_allocv
                0x000000000000522e        0x2 /home/arduino/ArduinoApps/lookie-dookie/.cache/sketch/core/core.a(abi.cpp.o)
                0x000000000000522e                std::__throw_bad_alloc()
 .text._ZSt25__throw_bad_function_callv
                0x0000000000005230        0x2 /home/arduino/ArduinoApps/lookie-dookie/.cache/sketch/core/core.a(abi.cpp.o)
                0x0000000000005230                std::__throw_bad_function_call()
 .text.atexit   0x0000000000005232        0x4 /home/arduino/ArduinoApps/lookie-dookie/.cache/sketch/core/core.a(abi.cpp.o)
                0x0000000000005232                atexit
 .text.strcmp   0x0000000000005236       0x16 /home/arduino/ArduinoApps/lookie-dookie/.cache/sketch/core/core.a(abi.cpp.o)
                0x0000000000005236                strcmp
 .text._ZN7arduino5Print5writeEPKc
                0x000000000000524c       0x24 /home/arduino/ArduinoApps/lookie-dookie/.cache/sketch/core/core.a(Print.cpp.o)
                0x000000000000524c                arduino::Print::write(char const*)
 .text._ZN7arduino5Print5printEPKc
                0x0000000000005270        0xc /home/arduino/ArduinoApps/lookie-dookie/.cache/sketch/core/core.a(Print.cpp.o)
                0x0000000000005270                arduino::Print::print(char const*)
 .text._ZN7arduino6Stream9timedReadEv
                0x000000000000527c       0x2c /home/arduino/ArduinoApps/lookie-dookie/.cache/sketch/core/core.a(Stream.cpp.o)
                0x000000000000527c                arduino::Stream::timedRead()
 .text._ZN7arduino6Stream10setTimeoutEm
                0x00000000000052a8        0x4 /home/arduino/ArduinoApps/lookie-dookie/.cache/sketch/core/core.a(Stream.cpp.o)
                0x00000000000052a8                arduino::Stream::setTimeout(unsigned long)
 .text._ZN7arduino6Stream9readBytesEPcj
                0x00000000000052ac       0x2c /home/arduino/ArduinoApps/lookie-dookie/.cache/sketch/core/core.a(Stream.cpp.o)
                0x00000000000052ac                arduino::Stream::readBytes(char*, unsigned int)
 .text._ZN7arduino6StringC2EOS0_
                0x00000000000052d8       0x16 /home/arduino/ArduinoApps/lookie-dookie/.cache/sketch/core/core.a(String.cpp.o)
                0x00000000000052d8                arduino::String::String(arduino::String&&)
                0x00000000000052d8                arduino::String::String(arduino::String&&)
 *fill*         0x00000000000052ee        0x2 
 .text._ZN7arduino6StringD2Ev
                0x00000000000052f0       0x14 /home/arduino/ArduinoApps/lookie-dookie/.cache/sketch/core/core.a(String.cpp.o)
                0x00000000000052f0                arduino::String::~String()
                0x00000000000052f0                arduino::String::~String()
 .text._ZN7arduino6String10invalidateEv
                0x0000000000005304       0x1c /home/arduino/ArduinoApps/lookie-dookie/.cache/sketch/core/core.a(String.cpp.o)
                0x0000000000005304                arduino::String::invalidate()
 .text._ZN7arduino6String12changeBufferEj
                0x0000000000005320       0x1c /home/arduino/ArduinoApps/lookie-dookie/.cache/sketch/core/core.a(String.cpp.o)
                0x0000000000005320                arduino::String::changeBuffer(unsigned int)
 .text._ZN7arduino6String7reserveEj
                0x000000000000533c       0x28 /home/arduino/ArduinoApps/lookie-dookie/.cache/sketch/core/core.a(String.cpp.o)
                0x000000000000533c                arduino::String::reserve(unsigned int)
 .text._ZN7arduino6String4copyEPKcj
                0x0000000000005364       0x3c /home/arduino/ArduinoApps/lookie-dookie/.cache/sketch/core/core.a(String.cpp.o)
                0x0000000000005364                arduino::String::copy(char const*, unsigned int)
 .text._ZN7arduino6StringC2EPKc
                0x00000000000053a0       0x2c /home/arduino/ArduinoApps/lookie-dookie/.cache/sketch/core/core.a(String.cpp.o)
                0x00000000000053a0                arduino::String::String(char const*)
                0x00000000000053a0                arduino::String::String(char const*)
 .text._ZN7arduino6String4moveERS0_
                0x00000000000053cc       0x2c /home/arduino/ArduinoApps/lookie-dookie/.cache/sketch/core/core.a(String.cpp.o)
                0x00000000000053cc                arduino::String::move(arduino::String&)
 .text._ZN7arduino6StringaSERKS0_
                0x00000000000053f8       0x28 /home/arduino/ArduinoApps/lookie-dookie/.cache/sketch/core/core.a(String.cpp.o)
                0x00000000000053f8                arduino::String::operator=(arduino::String const&)
 .text._ZN7arduino6StringC2ERKS0_
                0x0000000000005420       0x18 /home/arduino/ArduinoApps/lookie-dookie/.cache/sketch/core/core.a(String.cpp.o)
                0x0000000000005420                arduino::String::String(arduino::String const&)
                0x0000000000005420                arduino::String::String(arduino::String const&)
 .text._ZN7arduino6StringaSEOS0_
                0x0000000000005438       0x10 /home/arduino/ArduinoApps/lookie-dookie/.cache/sketch/core/core.a(String.cpp.o)
                0x0000000000005438                arduino::String::operator=(arduino::String&&)
 .text._ZN7arduino6StringaSEPKc
                0x0000000000005448       0x30 /home/arduino/ArduinoApps/lookie-dookie/.cache/sketch/core/core.a(String.cpp.o)
                0x0000000000005448                arduino::String::operator=(char const*)
 .text._ZN7arduino6String6concatEPKcj
                0x0000000000005478       0x40 /home/arduino/ArduinoApps/lookie-dookie/.cache/sketch/core/core.a(String.cpp.o)
                0x0000000000005478                arduino::String::concat(char const*, unsigned int)
 .text._ZN7arduino6String6concatEc
                0x00000000000054b8       0x1c /home/arduino/ArduinoApps/lookie-dookie/.cache/sketch/core/core.a(String.cpp.o)
                0x00000000000054b8                arduino::String::concat(char)
 .text._ZNK7arduino6String9compareToERKS0_
                0x00000000000054d4       0x30 /home/arduino/ArduinoApps/lookie-dookie/.cache/sketch/core/core.a(String.cpp.o)
                0x00000000000054d4                arduino::String::compareTo(arduino::String const&) const
 .text._ZNK7arduino6String6equalsERKS0_
                0x0000000000005504       0x20 /home/arduino/ArduinoApps/lookie-dookie/.cache/sketch/core/core.a(String.cpp.o)
                0x0000000000005504                arduino::String::equals(arduino::String const&) const
 .text._ZNK7arduino6String6equalsEPKc
                0x0000000000005524       0x28 /home/arduino/ArduinoApps/lookie-dookie/.cache/sketch/core/core.a(String.cpp.o)
                0x0000000000005524                arduino::String::equals(char const*) const
 .text.initVariant
                0x000000000000554c        0x2 /home/arduino/ArduinoApps/lookie-dookie/.cache/sketch/core/core.a(main.cpp.o)
                0x000000000000554c                initVariant
 *fill*         0x000000000000554e        0x2 
 .text.main     0x0000000000005550       0x2c /home/arduino/ArduinoApps/lookie-dookie/.cache/sketch/core/core.a(main.cpp.o)
                0x0000000000005550                main
 .text._ZL10new_helperj
                0x000000000000557c       0x10 /home/arduino/ArduinoApps/lookie-dookie/.cache/sketch/core/core.a(new.cpp.o)
 .text._Znwj    0x000000000000558c        0x8 /home/arduino/ArduinoApps/lookie-dookie/.cache/sketch/core/core.a(new.cpp.o)
                0x000000000000558c                operator new(unsigned int)
 .text._ZnwjPv  0x0000000000005594        0x4 /home/arduino/ArduinoApps/lookie-dookie/.cache/sketch/core/core.a(new.cpp.o)
                0x0000000000005594                operator new(unsigned int, void*)
 .text._ZdlPvj  0x0000000000005598        0x8 /home/arduino/ArduinoApps/lookie-dookie/.cache/sketch/core/core.a(new.cpp.o)
                0x0000000000005598                operator delete(void*, unsigned int)
 .text._Z20start_static_threadsv
                0x00000000000055a0       0x6c /home/arduino/ArduinoApps/lookie-dookie/.cache/sketch/core/core.a(threads.cpp.o)
                0x00000000000055a0                start_static_threads()
 .text.gpio_pin_set_dt.isra.0
                0x000000000000560c       0x28 /home/arduino/ArduinoApps/lookie-dookie/.cache/sketch/core/core.a(zephyrCommon.cpp.o)
 .text.gpio_pin_configure_dt.isra.0
                0x0000000000005634       0x2a /home/arduino/ArduinoApps/lookie-dookie/.cache/sketch/core/core.a(zephyrCommon.cpp.o)
 *fill*         0x000000000000565e        0x2 
 .text.yield    0x0000000000005660        0x8 /home/arduino/ArduinoApps/lookie-dookie/.cache/sketch/core/core.a(zephyrCommon.cpp.o)
                0x0000000000005660                yield
 .text.pinMode  0x0000000000005668       0x3c /home/arduino/ArduinoApps/lookie-dookie/.cache/sketch/core/core.a(zephyrCommon.cpp.o)
                0x0000000000005668                pinMode
 .text.digitalWrite
                0x00000000000056a4       0x14 /home/arduino/ArduinoApps/lookie-dookie/.cache/sketch/core/core.a(zephyrCommon.cpp.o)
                0x00000000000056a4                digitalWrite
 .text.delay    0x00000000000056b8       0x10 /home/arduino/ArduinoApps/lookie-dookie/.cache/sketch/core/core.a(zephyrCommon.cpp.o)
                0x00000000000056b8                delay
 .text.millis   0x00000000000056c8       0x18 /home/arduino/ArduinoApps/lookie-dookie/.cache/sketch/core/core.a(zephyrCommon.cpp.o)
                0x00000000000056c8                millis
 .text.analogRead
                0x00000000000056e0       0xbc /home/arduino/ArduinoApps/lookie-dookie/.cache/sketch/core/core.a(zephyrCommon.cpp.o)
                0x00000000000056e0                analogRead
 .text.z_impl_uart_irq_tx_enable
                0x000000000000579c        0xa /home/arduino/ArduinoApps/lookie-dookie/.cache/sketch/core/core.a(zephyrSerial.cpp.o)
 .text._ZN7arduino12ZephyrSerial5beginEm
                0x00000000000057a6        0xa /home/arduino/ArduinoApps/lookie-dookie/.cache/sketch/core/core.a(zephyrSerial.cpp.o)
                0x00000000000057a6                arduino::ZephyrSerial::begin(unsigned long)
 .text._ZN7arduino12ZephyrSerial3endEv
                0x00000000000057b0        0x2 /home/arduino/ArduinoApps/lookie-dookie/.cache/sketch/core/core.a(zephyrSerial.cpp.o)
                0x00000000000057b0                arduino::ZephyrSerial::end()
 .text._ZN7arduino12ZephyrSerial5writeEh
                0x00000000000057b2       0x18 /home/arduino/ArduinoApps/lookie-dookie/.cache/sketch/core/core.a(zephyrSerial.cpp.o)
                0x00000000000057b2                arduino::ZephyrSerial::write(unsigned char)
 .text._ZN7arduino12ZephyrSerialcvbEv
                0x00000000000057ca        0x4 /home/arduino/ArduinoApps/lookie-dookie/.cache/sketch/core/core.a(zephyrSerial.cpp.o)
                0x00000000000057ca                arduino::ZephyrSerial::operator bool()
 *fill*         0x00000000000057ce        0x2 
 .text.k_sem_give
                0x00000000000057d0        0x8 /home/arduino/ArduinoApps/lookie-dookie/.cache/sketch/core/core.a(zephyrSerial.cpp.o)
 .text.k_sem_take.isra.0
                0x00000000000057d8        0x8 /home/arduino/ArduinoApps/lookie-dookie/.cache/sketch/core/core.a(zephyrSerial.cpp.o)
 .text._ZN7arduino12ZephyrSerial4readEv
                0x00000000000057e0       0x48 /home/arduino/ArduinoApps/lookie-dookie/.cache/sketch/core/core.a(zephyrSerial.cpp.o)
                0x00000000000057e0                arduino::ZephyrSerial::read()
 .text._ZN7arduino12ZephyrSerial4peekEv
                0x0000000000005828       0x48 /home/arduino/ArduinoApps/lookie-dookie/.cache/sketch/core/core.a(zephyrSerial.cpp.o)
                0x0000000000005828                arduino::ZephyrSerial::peek()
 .text._ZN7arduino12ZephyrSerial17availableForWriteEv
                0x0000000000005870       0x34 /home/arduino/ArduinoApps/lookie-dookie/.cache/sketch/core/core.a(zephyrSerial.cpp.o)
                0x0000000000005870                arduino::ZephyrSerial::availableForWrite()
 .text._ZN7arduino12ZephyrSerial9availableEv
                0x00000000000058a4       0x34 /home/arduino/ArduinoApps/lookie-dookie/.cache/sketch/core/core.a(zephyrSerial.cpp.o)
                0x00000000000058a4                arduino::ZephyrSerial::available()
 .text._ZN7arduino12ZephyrSerial5beginEmt
                0x00000000000058d8       0xb8 /home/arduino/ArduinoApps/lookie-dookie/.cache/sketch/core/core.a(zephyrSerial.cpp.o)
                0x00000000000058d8                arduino::ZephyrSerial::begin(unsigned long, unsigned short)
 .text._ZN7arduino12ZephyrSerial5flushEv
                0x0000000000005990       0x2c /home/arduino/ArduinoApps/lookie-dookie/.cache/sketch/core/core.a(zephyrSerial.cpp.o)
                0x0000000000005990                arduino::ZephyrSerial::flush()
 .text._ZN7arduino12ZephyrSerial5writeEPKhj
                0x00000000000059bc       0x70 /home/arduino/ArduinoApps/lookie-dookie/.cache/sketch/core/core.a(zephyrSerial.cpp.o)
                0x00000000000059bc                arduino::ZephyrSerial::write(unsigned char const*, unsigned int)
 .text._ZN7arduino12ZephyrSerial10IrqHandlerEv
                0x0000000000005a2c       0xec /home/arduino/ArduinoApps/lookie-dookie/.cache/sketch/core/core.a(zephyrSerial.cpp.o)
                0x0000000000005a2c                arduino::ZephyrSerial::IrqHandler()
 .text._ZN7arduino12ZephyrSerial11IrqDispatchEPK6devicePv
                0x0000000000005b18        0xc /home/arduino/ArduinoApps/lookie-dookie/.cache/sketch/core/core.a(zephyrSerial.cpp.o)
                0x0000000000005b18                arduino::ZephyrSerial::IrqDispatch(device const*, void*)
 .text._ZN7arduino12ZephyrSerial18ZephyrSerialBufferILi64EEC2Ev
                0x0000000000005b24       0x28 /home/arduino/ArduinoApps/lookie-dookie/.cache/sketch/core/core.a(zephyrSerial.cpp.o)
                0x0000000000005b24                arduino::ZephyrSerial::ZephyrSerialBuffer<64>::ZephyrSerialBuffer()
                0x0000000000005b24                arduino::ZephyrSerial::ZephyrSerialBuffer<64>::ZephyrSerialBuffer()
 .text._GLOBAL__sub_I__ZN7arduino12ZephyrSerial5beginEmt
                0x0000000000005b4c       0x5c /home/arduino/ArduinoApps/lookie-dookie/.cache/sketch/core/core.a(zephyrSerial.cpp.o)
 *(.text.*)
 *(.text._*)
 *(.init)
 *(.ctors)
 *(.dtors)
 *(.fini)

.static_thread_data_area
                0x0000000000005ba8        0x0
                0x0000000000005ba8                __static_thread_data_list_start = .
 *(.static_thread_data_area SORT_BY_NAME(.__static_thread_data.*))
                0x0000000000005ba8                __static_thread_data_list_end = .

.rodata         0x0000000000005ba8      0x5ac
 *(.rodata)
 *(.rodata1)
 *(.rodata.*)
 .rodata._ZN8RpcErrorC2Ev.str1.1
                0x0000000000005ba8        0x1 /home/arduino/ArduinoApps/lookie-dookie/.cache/sketch/sketch/sketch.ino.cpp.o
 .rodata._ZNSt6vectorIjSaIjEE17_M_realloc_insertIJRjEEEvN9__gnu_cxx17__normal_iteratorIPjS1_EEDpOT_.str1.1
                0x0000000000005ba9       0x1a /home/arduino/ArduinoApps/lookie-dookie/.cache/sketch/sketch/sketch.ino.cpp.o
 .rodata._ZN18RpcFunctionWrapperISt8functionIFfvEEEclERN7arduino7msgpack8UnpackerERNS5_6PackerE.str1.1
                0x0000000000005bc3       0x34 /home/arduino/ArduinoApps/lookie-dookie/.cache/sketch/sketch/sketch.ino.cpp.o
 .rodata._ZN7RpcCallIJRKN7arduino6StringEEEC2ES3_P9RPCClientP7k_mutexS8_S3_.str1.1
                0x0000000000005bf7       0x1e /home/arduino/ArduinoApps/lookie-dookie/.cache/sketch/sketch/sketch.ino.cpp.o
 .rodata._ZN10RpcDecoderILj1024EE12get_responseIN7arduino7msgpack6object5nil_tEEEbjRT_R8RpcError.str1.1
                0x0000000000005c15       0x7b /home/arduino/ArduinoApps/lookie-dookie/.cache/sketch/sketch/sketch.ino.cpp.o
 .rodata._ZN7arduino7msgpack6object3extC2EaPKhj.str1.1
                0x0000000000005c90       0x28 /home/arduino/ArduinoApps/lookie-dookie/.cache/sketch/sketch/sketch.ino.cpp.o
 .rodata._ZN11BridgeClass11update_safeEv.str1.1
                0x0000000000005cb8        0x9 /home/arduino/ArduinoApps/lookie-dookie/.cache/sketch/sketch/sketch.ino.cpp.o
 .rodata._ZN7RpcCallIJRKN7arduino6StringEEED2Ev.str1.1
                0x0000000000005cc1       0x21 /home/arduino/ArduinoApps/lookie-dookie/.cache/sketch/sketch/sketch.ino.cpp.o
 .rodata._ZN13BridgeMonitorILj512EE5writeEPKhj.str1.1
                0x0000000000005ce2        0xa /home/arduino/ArduinoApps/lookie-dookie/.cache/sketch/sketch/sketch.ino.cpp.o
 .rodata._ZN13BridgeMonitorILj512EE5_readEj.str1.1
                0x0000000000005cec        0x9 /home/arduino/ArduinoApps/lookie-dookie/.cache/sketch/sketch/sketch.ino.cpp.o
 .rodata._GLOBAL__sub_I_sensor.str1.1
                0x0000000000005cf5        0x7 /home/arduino/ArduinoApps/lookie-dookie/.cache/sketch/sketch/sketch.ino.cpp.o
 .rodata.setup.str1.1
                0x0000000000005cfc       0x2c /home/arduino/ArduinoApps/lookie-dookie/.cache/sketch/sketch/sketch.ino.cpp.o
 .rodata._ZTV15SerialTransport
                0x0000000000005d28       0x20 /home/arduino/ArduinoApps/lookie-dookie/.cache/sketch/sketch/sketch.ino.cpp.o
                0x0000000000005d28                vtable for SerialTransport
 .rodata._ZTV13BridgeMonitorILj512EE
                0x0000000000005d48       0x24 /home/arduino/ArduinoApps/lookie-dookie/.cache/sketch/sketch/sketch.ino.cpp.o
                0x0000000000005d48                vtable for BridgeMonitor<512u>
 .rodata._ZTV14ModulinoThermo
                0x0000000000005d6c       0x18 /home/arduino/ArduinoApps/lookie-dookie/.cache/sketch/sketch/sketch.ino.cpp.o
                0x0000000000005d6c                vtable for ModulinoThermo
 .rodata._ZTV18RpcFunctionWrapperISt8functionIFivEEE
                0x0000000000005d84       0x14 /home/arduino/ArduinoApps/lookie-dookie/.cache/sketch/sketch/sketch.ino.cpp.o
                0x0000000000005d84                vtable for RpcFunctionWrapper<std::function<int ()> >
 .rodata._ZTV18RpcFunctionWrapperISt8functionIFfvEEE
                0x0000000000005d98       0x14 /home/arduino/ArduinoApps/lookie-dookie/.cache/sketch/sketch/sketch.ino.cpp.o
                0x0000000000005d98                vtable for RpcFunctionWrapper<std::function<float ()> >
 .rodata._ZTVN7arduino9ZephyrI2CE
                0x0000000000005dac       0x54 /home/arduino/ArduinoApps/lookie-dookie/.cache/sketch/libraries/Wire/Wire.cpp.o
                0x0000000000005dac                vtable for arduino::ZephyrI2C
 .rodata._ZTVN7arduino9ZephyrSPIE
                0x0000000000005e00       0x3c /home/arduino/ArduinoApps/lookie-dookie/.cache/sketch/libraries/SPI/SPI.cpp.o
                0x0000000000005e00                vtable for arduino::ZephyrSPI
 .rodata.str1.1
                0x0000000000005e3c       0x51 /home/arduino/ArduinoApps/lookie-dookie/.cache/sketch/core/core.a(main.cpp.o)
 *fill*         0x0000000000005e8d        0x3 
 .rodata._ZN12_GLOBAL__N_1L11arduino_adcE
                0x0000000000005e90       0x60 /home/arduino/ArduinoApps/lookie-dookie/.cache/sketch/core/core.a(zephyrCommon.cpp.o)
 .rodata._ZL12arduino_pins
                0x0000000000005ef0      0x230 /home/arduino/ArduinoApps/lookie-dookie/.cache/sketch/core/core.a(zephyrCommon.cpp.o)
 .rodata._ZTVN7arduino12ZephyrSerialE
                0x0000000000006120       0x34 /home/arduino/ArduinoApps/lookie-dookie/.cache/sketch/core/core.a(zephyrSerial.cpp.o)
                0x0000000000006120                vtable for arduino::ZephyrSerial

.data           0x0000000000006154       0x18
 *(.data .data.*)
 .data._ZL16target_callbacks
                0x0000000000006154       0x14 /home/arduino/ArduinoApps/lookie-dookie/.cache/sketch/libraries/Wire/Wire.cpp.o
 .data._ZL15read_resolution
                0x0000000000006168        0x4 /home/arduino/ArduinoApps/lookie-dookie/.cache/sketch/core/core.a(zephyrCommon.cpp.o)

.bss            0x0000000000006170     0x1a84
 *(.bss .bss.* COMMON)
 .bss._ZN17RpcDecoderManagerILj3EE14decoders_countE
                0x0000000000006170        0x4 /home/arduino/ArduinoApps/lookie-dookie/.cache/sketch/sketch/sketch.ino.cpp.o
                0x0000000000006170                RpcDecoderManager<3u>::decoders_count
 .bss._ZGVN17RpcDecoderManagerILj3EE9decoders_E
                0x0000000000006174        0x4 /home/arduino/ArduinoApps/lookie-dookie/.cache/sketch/sketch/sketch.ino.cpp.o
                0x0000000000006174                guard variable for RpcDecoderManager<3u>::decoders_
 .bss._ZGVN12RouterBridge3HCIE
                0x0000000000006178        0x4 /home/arduino/ArduinoApps/lookie-dookie/.cache/sketch/sketch/sketch.ino.cpp.o
                0x0000000000006178                guard variable for RouterBridge::HCI
 .bss._ZGV7Monitor
                0x000000000000617c        0x4 /home/arduino/ArduinoApps/lookie-dookie/.cache/sketch/sketch/sketch.ino.cpp.o
                0x000000000000617c                guard variable for Monitor
 .bss._ZGV6Bridge
                0x0000000000006180        0x4 /home/arduino/ArduinoApps/lookie-dookie/.cache/sketch/sketch/sketch.ino.cpp.o
                0x0000000000006180                guard variable for Bridge
 .bss._ZN17RpcDecoderManagerILj3EE9decoders_E
                0x0000000000006184      0xc78 /home/arduino/ArduinoApps/lookie-dookie/.cache/sketch/sketch/sketch.ino.cpp.o
                0x0000000000006184                RpcDecoderManager<3u>::decoders_
 .bss._ZGVZN7arduino7msgpack8Unpacker10from_arrayIJRiRNS_6StringEEEEbDpOT_E2sz
                0x0000000000006dfc        0x4 /home/arduino/ArduinoApps/lookie-dookie/.cache/sketch/sketch/sketch.ino.cpp.o
                0x0000000000006dfc                guard variable for arduino::msgpack::Unpacker::from_array<int&, arduino::String&>(int&, arduino::String&)::sz
 .bss._ZZN7arduino7msgpack8Unpacker10from_arrayIJRiRNS_6StringEEEEbDpOT_E2sz
                0x0000000000006e00        0x4 /home/arduino/ArduinoApps/lookie-dookie/.cache/sketch/sketch/sketch.ino.cpp.o
                0x0000000000006e00                arduino::msgpack::Unpacker::from_array<int&, arduino::String&>(int&, arduino::String&)::sz
 .bss.thermo    0x0000000000006e04       0x18 /home/arduino/ArduinoApps/lookie-dookie/.cache/sketch/sketch/sketch.ino.cpp.o
                0x0000000000006e04                thermo
 .bss.sensor    0x0000000000006e1c        0x4 /home/arduino/ArduinoApps/lookie-dookie/.cache/sketch/sketch/sketch.ino.cpp.o
                0x0000000000006e1c                sensor
 .bss._ZN12RouterBridge3HCIE
                0x0000000000006e20       0x28 /home/arduino/ArduinoApps/lookie-dookie/.cache/sketch/sketch/sketch.ino.cpp.o
                0x0000000000006e20                RouterBridge::HCI
 .bss.Monitor   0x0000000000006e48      0x238 /home/arduino/ArduinoApps/lookie-dookie/.cache/sketch/sketch/sketch.ino.cpp.o
                0x0000000000006e48                Monitor
 .bss.Bridge    0x0000000000007080      0x168 /home/arduino/ArduinoApps/lookie-dookie/.cache/sketch/sketch/sketch.ino.cpp.o
                0x0000000000007080                Bridge
 .bss._ZZN8RpcUtils6detail12unpackObjectERN7arduino7msgpack8UnpackerEE1t
                0x00000000000071e8       0x10 /home/arduino/ArduinoApps/lookie-dookie/.cache/sketch/sketch/sketch.ino.cpp.o
                0x00000000000071e8                RpcUtils::detail::unpackObject(arduino::msgpack::Unpacker&)::t
 .bss._ZGVZN8RpcUtils6detail12unpackObjectERN7arduino7msgpack8UnpackerEE1e
                0x00000000000071f8        0x4 /home/arduino/ArduinoApps/lookie-dookie/.cache/sketch/sketch/sketch.ino.cpp.o
                0x00000000000071f8                guard variable for RpcUtils::detail::unpackObject(arduino::msgpack::Unpacker&)::e
 .bss._ZZN8RpcUtils6detail12unpackObjectERN7arduino7msgpack8UnpackerEE1e
                0x00000000000071fc        0xc /home/arduino/ArduinoApps/lookie-dookie/.cache/sketch/sketch/sketch.ino.cpp.o
                0x00000000000071fc                RpcUtils::detail::unpackObject(arduino::msgpack::Unpacker&)::e
 .bss._ZZN8RpcUtils6detail12unpackObjectERN7arduino7msgpack8UnpackerEE6map_sz
                0x0000000000007208        0x4 /home/arduino/ArduinoApps/lookie-dookie/.cache/sketch/sketch/sketch.ino.cpp.o
                0x0000000000007208                RpcUtils::detail::unpackObject(arduino::msgpack::Unpacker&)::map_sz
 .bss._ZZN8RpcUtils6detail12unpackObjectERN7arduino7msgpack8UnpackerEE6arr_sz
                0x000000000000720c        0x4 /home/arduino/ArduinoApps/lookie-dookie/.cache/sketch/sketch/sketch.ino.cpp.o
                0x000000000000720c                RpcUtils::detail::unpackObject(arduino::msgpack::Unpacker&)::arr_sz
 .bss._ZGVZN8RpcUtils6detail12unpackObjectERN7arduino7msgpack8UnpackerEE5bytes
                0x0000000000007210        0x4 /home/arduino/ArduinoApps/lookie-dookie/.cache/sketch/sketch/sketch.ino.cpp.o
                0x0000000000007210                guard variable for RpcUtils::detail::unpackObject(arduino::msgpack::Unpacker&)::bytes
 .bss._ZZN8RpcUtils6detail12unpackObjectERN7arduino7msgpack8UnpackerEE5bytes
                0x0000000000007214        0xc /home/arduino/ArduinoApps/lookie-dookie/.cache/sketch/sketch/sketch.ino.cpp.o
                0x0000000000007214                RpcUtils::detail::unpackObject(arduino::msgpack::Unpacker&)::bytes
 .bss._ZGVZN8RpcUtils6detail12unpackObjectERN7arduino7msgpack8UnpackerEE6string
                0x0000000000007220        0x4 /home/arduino/ArduinoApps/lookie-dookie/.cache/sketch/sketch/sketch.ino.cpp.o
                0x0000000000007220                guard variable for RpcUtils::detail::unpackObject(arduino::msgpack::Unpacker&)::string
 .bss._ZZN8RpcUtils6detail12unpackObjectERN7arduino7msgpack8UnpackerEE6string
                0x0000000000007224        0xc /home/arduino/ArduinoApps/lookie-dookie/.cache/sketch/sketch/sketch.ino.cpp.o
                0x0000000000007224                RpcUtils::detail::unpackObject(arduino::msgpack::Unpacker&)::string
 .bss._ZZN8RpcUtils6detail12unpackObjectERN7arduino7msgpack8UnpackerEE5num64
                0x0000000000007230        0x8 /home/arduino/ArduinoApps/lookie-dookie/.cache/sketch/sketch/sketch.ino.cpp.o
                0x0000000000007230                RpcUtils::detail::unpackObject(arduino::msgpack::Unpacker&)::num64
 .bss._ZZN8RpcUtils6detail12unpackObjectERN7arduino7msgpack8UnpackerEE5num32
                0x0000000000007238        0x4 /home/arduino/ArduinoApps/lookie-dookie/.cache/sketch/sketch/sketch.ino.cpp.o
                0x0000000000007238                RpcUtils::detail::unpackObject(arduino::msgpack::Unpacker&)::num32
 .bss._ZZN8RpcUtils6detail12unpackObjectERN7arduino7msgpack8UnpackerEE7integer
                0x000000000000723c        0x4 /home/arduino/ArduinoApps/lookie-dookie/.cache/sketch/sketch/sketch.ino.cpp.o
                0x000000000000723c                RpcUtils::detail::unpackObject(arduino::msgpack::Unpacker&)::integer
 .bss._ZZN8RpcUtils6detail12unpackObjectERN7arduino7msgpack8UnpackerEE1b
                0x0000000000007240        0x1 /home/arduino/ArduinoApps/lookie-dookie/.cache/sketch/sketch/sketch.ino.cpp.o
                0x0000000000007240                RpcUtils::detail::unpackObject(arduino::msgpack::Unpacker&)::b
 .bss._ZZN8RpcUtils6detail12unpackObjectERN7arduino7msgpack8UnpackerEE3nil